Archive member included to satisfy reference by file (symbol)

/Applications/ArmGNUToolchain/14.2.rel1/arm-none-eabi/bin/../lib/gcc/arm-none-eabi/14.2.1/../../../../arm-none-eabi/lib/libc.a(libc_a-exit.o)
                              /Applications/ArmGNUToolchain/14.2.rel1/arm-none-eabi/bin/../lib/gcc/arm-none-eabi/14.2.1/../../../../arm-none-eabi/lib/crt0.o (exit)
/Applications/ArmGNUToolchain/14.2.rel1/arm-none-eabi/bin/../lib/gcc/arm-none-eabi/14.2.1/../../../../arm-none-eabi/lib/libc.a(libc_a-findfp.o)
                              /Applications/ArmGNUToolchain/14.2.rel1/arm-none-eabi/bin/../lib/gcc/arm-none-eabi/14.2.1/../../../../arm-none-eabi/lib/libc.a(libc_a-exit.o) (__stdio_exit_handler)
/Applications/ArmGNUToolchain/14.2.rel1/arm-none-eabi/bin/../lib/gcc/arm-none-eabi/14.2.1/../../../../arm-none-eabi/lib/libc.a(libc_a-memset.o)
                              /Applications/ArmGNUToolchain/14.2.rel1/arm-none-eabi/bin/../lib/gcc/arm-none-eabi/14.2.1/../../../../arm-none-eabi/lib/crt0.o (memset)
/Applications/ArmGNUToolchain/14.2.rel1/arm-none-eabi/bin/../lib/gcc/arm-none-eabi/14.2.1/../../../../arm-none-eabi/lib/libc.a(libc_a-impure.o)
                              /Applications/ArmGNUToolchain/14.2.rel1/arm-none-eabi/bin/../lib/gcc/arm-none-eabi/14.2.1/../../../../arm-none-eabi/lib/libc.a(libc_a-findfp.o) (_impure_data)
/Applications/ArmGNUToolchain/14.2.rel1/arm-none-eabi/bin/../lib/gcc/arm-none-eabi/14.2.1/../../../../arm-none-eabi/lib/libc.a(libc_a-init.o)
                              /Applications/ArmGNUToolchain/14.2.rel1/arm-none-eabi/bin/../lib/gcc/arm-none-eabi/14.2.1/../../../../arm-none-eabi/lib/crt0.o (__libc_init_array)
/Applications/ArmGNUToolchain/14.2.rel1/arm-none-eabi/bin/../lib/gcc/arm-none-eabi/14.2.1/../../../../arm-none-eabi/lib/libc.a(libc_a-lock.o)
                              /Applications/ArmGNUToolchain/14.2.rel1/arm-none-eabi/bin/../lib/gcc/arm-none-eabi/14.2.1/../../../../arm-none-eabi/lib/libc.a(libc_a-findfp.o) (__retarget_lock_init_recursive)
/Applications/ArmGNUToolchain/14.2.rel1/arm-none-eabi/bin/../lib/gcc/arm-none-eabi/14.2.1/../../../../arm-none-eabi/lib/libc.a(libc_a-__call_atexit.o)
                              /Applications/ArmGNUToolchain/14.2.rel1/arm-none-eabi/bin/../lib/gcc/arm-none-eabi/14.2.1/../../../../arm-none-eabi/lib/libc.a(libc_a-exit.o) (__call_exitprocs)
/Applications/ArmGNUToolchain/14.2.rel1/arm-none-eabi/bin/../lib/gcc/arm-none-eabi/14.2.1/../../../../arm-none-eabi/lib/libc.a(libc_a-atexit.o)
                              /Applications/ArmGNUToolchain/14.2.rel1/arm-none-eabi/bin/../lib/gcc/arm-none-eabi/14.2.1/../../../../arm-none-eabi/lib/libc.a(libc_a-__call_atexit.o) (atexit)
/Applications/ArmGNUToolchain/14.2.rel1/arm-none-eabi/bin/../lib/gcc/arm-none-eabi/14.2.1/../../../../arm-none-eabi/lib/libc.a(libc_a-mallocr.o)
                              /Applications/ArmGNUToolchain/14.2.rel1/arm-none-eabi/bin/../lib/gcc/arm-none-eabi/14.2.1/../../../../arm-none-eabi/lib/libc.a(libc_a-findfp.o) (_malloc_r)
/Applications/ArmGNUToolchain/14.2.rel1/arm-none-eabi/bin/../lib/gcc/arm-none-eabi/14.2.1/../../../../arm-none-eabi/lib/libc.a(libc_a-mlock.o)
                              /Applications/ArmGNUToolchain/14.2.rel1/arm-none-eabi/bin/../lib/gcc/arm-none-eabi/14.2.1/../../../../arm-none-eabi/lib/libc.a(libc_a-mallocr.o) (__malloc_lock)
/Applications/ArmGNUToolchain/14.2.rel1/arm-none-eabi/bin/../lib/gcc/arm-none-eabi/14.2.1/../../../../arm-none-eabi/lib/libc.a(libc_a-fwalk.o)
                              /Applications/ArmGNUToolchain/14.2.rel1/arm-none-eabi/bin/../lib/gcc/arm-none-eabi/14.2.1/../../../../arm-none-eabi/lib/libc.a(libc_a-findfp.o) (_fwalk_sglue)
/Applications/ArmGNUToolchain/14.2.rel1/arm-none-eabi/bin/../lib/gcc/arm-none-eabi/14.2.1/../../../../arm-none-eabi/lib/libc.a(libc_a-fclose.o)
                              /Applications/ArmGNUToolchain/14.2.rel1/arm-none-eabi/bin/../lib/gcc/arm-none-eabi/14.2.1/../../../../arm-none-eabi/lib/libc.a(libc_a-findfp.o) (_fclose_r)
/Applications/ArmGNUToolchain/14.2.rel1/arm-none-eabi/bin/../lib/gcc/arm-none-eabi/14.2.1/../../../../arm-none-eabi/lib/libc.a(libc_a-fflush.o)
                              /Applications/ArmGNUToolchain/14.2.rel1/arm-none-eabi/bin/../lib/gcc/arm-none-eabi/14.2.1/../../../../arm-none-eabi/lib/libc.a(libc_a-fclose.o) (__sflush_r)
/Applications/ArmGNUToolchain/14.2.rel1/arm-none-eabi/bin/../lib/gcc/arm-none-eabi/14.2.1/../../../../arm-none-eabi/lib/libc.a(libc_a-stdio.o)
                              /Applications/ArmGNUToolchain/14.2.rel1/arm-none-eabi/bin/../lib/gcc/arm-none-eabi/14.2.1/../../../../arm-none-eabi/lib/libc.a(libc_a-findfp.o) (__sread)
/Applications/ArmGNUToolchain/14.2.rel1/arm-none-eabi/bin/../lib/gcc/arm-none-eabi/14.2.1/../../../../arm-none-eabi/lib/libc.a(libc_a-closer.o)
                              /Applications/ArmGNUToolchain/14.2.rel1/arm-none-eabi/bin/../lib/gcc/arm-none-eabi/14.2.1/../../../../arm-none-eabi/lib/libc.a(libc_a-stdio.o) (_close_r)
/Applications/ArmGNUToolchain/14.2.rel1/arm-none-eabi/bin/../lib/gcc/arm-none-eabi/14.2.1/../../../../arm-none-eabi/lib/libc.a(libc_a-reent.o)
                              /Applications/ArmGNUToolchain/14.2.rel1/arm-none-eabi/bin/../lib/gcc/arm-none-eabi/14.2.1/../../../../arm-none-eabi/lib/libc.a(libc_a-closer.o) (errno)
/Applications/ArmGNUToolchain/14.2.rel1/arm-none-eabi/bin/../lib/gcc/arm-none-eabi/14.2.1/../../../../arm-none-eabi/lib/libc.a(libc_a-lseekr.o)
                              /Applications/ArmGNUToolchain/14.2.rel1/arm-none-eabi/bin/../lib/gcc/arm-none-eabi/14.2.1/../../../../arm-none-eabi/lib/libc.a(libc_a-stdio.o) (_lseek_r)
/Applications/ArmGNUToolchain/14.2.rel1/arm-none-eabi/bin/../lib/gcc/arm-none-eabi/14.2.1/../../../../arm-none-eabi/lib/libc.a(libc_a-readr.o)
                              /Applications/ArmGNUToolchain/14.2.rel1/arm-none-eabi/bin/../lib/gcc/arm-none-eabi/14.2.1/../../../../arm-none-eabi/lib/libc.a(libc_a-stdio.o) (_read_r)
/Applications/ArmGNUToolchain/14.2.rel1/arm-none-eabi/bin/../lib/gcc/arm-none-eabi/14.2.1/../../../../arm-none-eabi/lib/libc.a(libc_a-sbrkr.o)
                              /Applications/ArmGNUToolchain/14.2.rel1/arm-none-eabi/bin/../lib/gcc/arm-none-eabi/14.2.1/../../../../arm-none-eabi/lib/libc.a(libc_a-mallocr.o) (_sbrk_r)
/Applications/ArmGNUToolchain/14.2.rel1/arm-none-eabi/bin/../lib/gcc/arm-none-eabi/14.2.1/../../../../arm-none-eabi/lib/libc.a(libc_a-writer.o)
                              /Applications/ArmGNUToolchain/14.2.rel1/arm-none-eabi/bin/../lib/gcc/arm-none-eabi/14.2.1/../../../../arm-none-eabi/lib/libc.a(libc_a-stdio.o) (_write_r)
/Applications/ArmGNUToolchain/14.2.rel1/arm-none-eabi/bin/../lib/gcc/arm-none-eabi/14.2.1/../../../../arm-none-eabi/lib/libc.a(libc_a-sysconf.o)
                              /Applications/ArmGNUToolchain/14.2.rel1/arm-none-eabi/bin/../lib/gcc/arm-none-eabi/14.2.1/../../../../arm-none-eabi/lib/libc.a(libc_a-mallocr.o) (sysconf)
/Applications/ArmGNUToolchain/14.2.rel1/arm-none-eabi/bin/../lib/gcc/arm-none-eabi/14.2.1/../../../../arm-none-eabi/lib/libc.a(libc_a-fini.o)
                              /Applications/ArmGNUToolchain/14.2.rel1/arm-none-eabi/bin/../lib/gcc/arm-none-eabi/14.2.1/../../../../arm-none-eabi/lib/libc.a(libc_a-__call_atexit.o) (__libc_fini_array)
/Applications/ArmGNUToolchain/14.2.rel1/arm-none-eabi/bin/../lib/gcc/arm-none-eabi/14.2.1/../../../../arm-none-eabi/lib/libc.a(libc_a-__atexit.o)
                              /Applications/ArmGNUToolchain/14.2.rel1/arm-none-eabi/bin/../lib/gcc/arm-none-eabi/14.2.1/../../../../arm-none-eabi/lib/libc.a(libc_a-atexit.o) (__register_exitproc)
/Applications/ArmGNUToolchain/14.2.rel1/arm-none-eabi/bin/../lib/gcc/arm-none-eabi/14.2.1/../../../../arm-none-eabi/lib/libc.a(libc_a-freer.o)
                              /Applications/ArmGNUToolchain/14.2.rel1/arm-none-eabi/bin/../lib/gcc/arm-none-eabi/14.2.1/../../../../arm-none-eabi/lib/libc.a(libc_a-mallocr.o) (_free_r)
/Applications/ArmGNUToolchain/14.2.rel1/arm-none-eabi/bin/../lib/gcc/arm-none-eabi/14.2.1/../../../../arm-none-eabi/lib/libc.a(libc_a-errno.o)
                              /Applications/ArmGNUToolchain/14.2.rel1/arm-none-eabi/bin/../lib/gcc/arm-none-eabi/14.2.1/../../../../arm-none-eabi/lib/libc.a(libc_a-sysconf.o) (__errno)
/Applications/ArmGNUToolchain/14.2.rel1/arm-none-eabi/bin/../lib/gcc/arm-none-eabi/14.2.1/libgcc.a(_udivsi3.o)
                              /Applications/ArmGNUToolchain/14.2.rel1/arm-none-eabi/bin/../lib/gcc/arm-none-eabi/14.2.1/../../../../arm-none-eabi/lib/libc.a(libc_a-freer.o) (__aeabi_uidiv)
/Applications/ArmGNUToolchain/14.2.rel1/arm-none-eabi/bin/../lib/gcc/arm-none-eabi/14.2.1/libgcc.a(_dvmd_tls.o)
                              /Applications/ArmGNUToolchain/14.2.rel1/arm-none-eabi/bin/../lib/gcc/arm-none-eabi/14.2.1/libgcc.a(_udivsi3.o) (__aeabi_idiv0)
/Applications/ArmGNUToolchain/14.2.rel1/arm-none-eabi/bin/../lib/gcc/arm-none-eabi/14.2.1/../../../../arm-none-eabi/lib/libnosys.a(close.o)
                              /Applications/ArmGNUToolchain/14.2.rel1/arm-none-eabi/bin/../lib/gcc/arm-none-eabi/14.2.1/../../../../arm-none-eabi/lib/libc.a(libc_a-closer.o) (_close)
/Applications/ArmGNUToolchain/14.2.rel1/arm-none-eabi/bin/../lib/gcc/arm-none-eabi/14.2.1/../../../../arm-none-eabi/lib/libnosys.a(lseek.o)
                              /Applications/ArmGNUToolchain/14.2.rel1/arm-none-eabi/bin/../lib/gcc/arm-none-eabi/14.2.1/../../../../arm-none-eabi/lib/libc.a(libc_a-lseekr.o) (_lseek)
/Applications/ArmGNUToolchain/14.2.rel1/arm-none-eabi/bin/../lib/gcc/arm-none-eabi/14.2.1/../../../../arm-none-eabi/lib/libnosys.a(read.o)
                              /Applications/ArmGNUToolchain/14.2.rel1/arm-none-eabi/bin/../lib/gcc/arm-none-eabi/14.2.1/../../../../arm-none-eabi/lib/libc.a(libc_a-readr.o) (_read)
/Applications/ArmGNUToolchain/14.2.rel1/arm-none-eabi/bin/../lib/gcc/arm-none-eabi/14.2.1/../../../../arm-none-eabi/lib/libnosys.a(sbrk.o)
                              /Applications/ArmGNUToolchain/14.2.rel1/arm-none-eabi/bin/../lib/gcc/arm-none-eabi/14.2.1/../../../../arm-none-eabi/lib/libc.a(libc_a-sbrkr.o) (_sbrk)
/Applications/ArmGNUToolchain/14.2.rel1/arm-none-eabi/bin/../lib/gcc/arm-none-eabi/14.2.1/../../../../arm-none-eabi/lib/libnosys.a(write.o)
                              /Applications/ArmGNUToolchain/14.2.rel1/arm-none-eabi/bin/../lib/gcc/arm-none-eabi/14.2.1/../../../../arm-none-eabi/lib/libc.a(libc_a-writer.o) (_write)
/Applications/ArmGNUToolchain/14.2.rel1/arm-none-eabi/bin/../lib/gcc/arm-none-eabi/14.2.1/../../../../arm-none-eabi/lib/libnosys.a(_exit.o)
                              /Applications/ArmGNUToolchain/14.2.rel1/arm-none-eabi/bin/../lib/gcc/arm-none-eabi/14.2.1/../../../../arm-none-eabi/lib/libc.a(libc_a-exit.o) (_exit)

Discarded input sections

 .gnu.warning._close
                0x00000000        0x0 /Applications/ArmGNUToolchain/14.2.rel1/arm-none-eabi/bin/../lib/gcc/arm-none-eabi/14.2.1/../../../../arm-none-eabi/lib/libnosys.a(close.o)
 .gnu.warning._lseek
                0x00000000        0x0 /Applications/ArmGNUToolchain/14.2.rel1/arm-none-eabi/bin/../lib/gcc/arm-none-eabi/14.2.1/../../../../arm-none-eabi/lib/libnosys.a(lseek.o)
 .gnu.warning._read
                0x00000000        0x0 /Applications/ArmGNUToolchain/14.2.rel1/arm-none-eabi/bin/../lib/gcc/arm-none-eabi/14.2.1/../../../../arm-none-eabi/lib/libnosys.a(read.o)
 .gnu.warning._write
                0x00000000        0x0 /Applications/ArmGNUToolchain/14.2.rel1/arm-none-eabi/bin/../lib/gcc/arm-none-eabi/14.2.1/../../../../arm-none-eabi/lib/libnosys.a(write.o)

Memory Configuration

Name             Origin             Length             Attributes
FLASH            0x08000000         0x00080000         xr
SRAM             0x20000000         0x00020000         xrw
*default*        0x00000000         0xffffffff

Linker script and memory map

LOAD /Applications/ArmGNUToolchain/14.2.rel1/arm-none-eabi/bin/../lib/gcc/arm-none-eabi/14.2.1/crti.o
LOAD /Applications/ArmGNUToolchain/14.2.rel1/arm-none-eabi/bin/../lib/gcc/arm-none-eabi/14.2.1/crtbegin.o
LOAD /Applications/ArmGNUToolchain/14.2.rel1/arm-none-eabi/bin/../lib/gcc/arm-none-eabi/14.2.1/../../../../arm-none-eabi/lib/crt0.o
LOAD /Applications/ArmGNUToolchain/14.2.rel1/arm-none-eabi/bin/../lib/gcc/arm-none-eabi/14.2.1/../../../../arm-none-eabi/lib/libc.a
LOAD /Applications/ArmGNUToolchain/14.2.rel1/arm-none-eabi/bin/../lib/gcc/arm-none-eabi/14.2.1/../../../../arm-none-eabi/lib/libm.a
LOAD /Applications/ArmGNUToolchain/14.2.rel1/arm-none-eabi/bin/../lib/gcc/arm-none-eabi/14.2.1/libgcc.a
LOAD src/main.o
LOAD src/print.o
LOAD src/uart.o
LOAD src/adc.o
LOAD src/spi.o
LOAD src/adxl345.o
LOAD startup/stm32f446_startup.o
START GROUP
LOAD /Applications/ArmGNUToolchain/14.2.rel1/arm-none-eabi/bin/../lib/gcc/arm-none-eabi/14.2.1/libgcc.a
LOAD /Applications/ArmGNUToolchain/14.2.rel1/arm-none-eabi/bin/../lib/gcc/arm-none-eabi/14.2.1/../../../../arm-none-eabi/lib/libc.a
END GROUP
START GROUP
LOAD /Applications/ArmGNUToolchain/14.2.rel1/arm-none-eabi/bin/../lib/gcc/arm-none-eabi/14.2.1/libgcc.a
LOAD /Applications/ArmGNUToolchain/14.2.rel1/arm-none-eabi/bin/../lib/gcc/arm-none-eabi/14.2.1/../../../../arm-none-eabi/lib/libc.a
LOAD /Applications/ArmGNUToolchain/14.2.rel1/arm-none-eabi/bin/../lib/gcc/arm-none-eabi/14.2.1/../../../../arm-none-eabi/lib/libnosys.a
END GROUP
LOAD /Applications/ArmGNUToolchain/14.2.rel1/arm-none-eabi/bin/../lib/gcc/arm-none-eabi/14.2.1/crtend.o
LOAD /Applications/ArmGNUToolchain/14.2.rel1/arm-none-eabi/bin/../lib/gcc/arm-none-eabi/14.2.1/crtn.o
                0x20020000                        _estack = (ORIGIN (SRAM) + LENGTH (SRAM))
                0x00000200                        __max_heap_size = 0x200
                0x00000400                        __max_stack_size = 0x400

.text           0x08000000      0xbfc
                0x08000000                        . = ALIGN (0x4)
 *(.isr_vector_tbl)
 .isr_vector_tbl
                0x08000000      0x194 startup/stm32f446_startup.o
                0x08000000                vector_tbl
 *(.text)
 .text          0x08000194        0x0 /Applications/ArmGNUToolchain/14.2.rel1/arm-none-eabi/bin/../lib/gcc/arm-none-eabi/14.2.1/crti.o
 .text          0x08000194        0x0 /Applications/ArmGNUToolchain/14.2.rel1/arm-none-eabi/bin/../lib/gcc/arm-none-eabi/14.2.1/crtbegin.o
 .text          0x08000194      0x140 /Applications/ArmGNUToolchain/14.2.rel1/arm-none-eabi/bin/../lib/gcc/arm-none-eabi/14.2.1/../../../../arm-none-eabi/lib/crt0.o
                0x08000194                _stack_init
                0x08000224                _mainCRTStartup
                0x08000224                _start
 .text          0x080002d4        0x0 /Applications/ArmGNUToolchain/14.2.rel1/arm-none-eabi/bin/../lib/gcc/arm-none-eabi/14.2.1/../../../../arm-none-eabi/lib/libc.a(libc_a-exit.o)
 .text          0x080002d4        0x0 /Applications/ArmGNUToolchain/14.2.rel1/arm-none-eabi/bin/../lib/gcc/arm-none-eabi/14.2.1/../../../../arm-none-eabi/lib/libc.a(libc_a-findfp.o)
 .text          0x080002d4        0x0 /Applications/ArmGNUToolchain/14.2.rel1/arm-none-eabi/bin/../lib/gcc/arm-none-eabi/14.2.1/../../../../arm-none-eabi/lib/libc.a(libc_a-memset.o)
 .text          0x080002d4        0x0 /Applications/ArmGNUToolchain/14.2.rel1/arm-none-eabi/bin/../lib/gcc/arm-none-eabi/14.2.1/../../../../arm-none-eabi/lib/libc.a(libc_a-impure.o)
 .text          0x080002d4        0x0 /Applications/ArmGNUToolchain/14.2.rel1/arm-none-eabi/bin/../lib/gcc/arm-none-eabi/14.2.1/../../../../arm-none-eabi/lib/libc.a(libc_a-init.o)
 .text          0x080002d4        0x0 /Applications/ArmGNUToolchain/14.2.rel1/arm-none-eabi/bin/../lib/gcc/arm-none-eabi/14.2.1/../../../../arm-none-eabi/lib/libc.a(libc_a-lock.o)
 .text          0x080002d4        0x0 /Applications/ArmGNUToolchain/14.2.rel1/arm-none-eabi/bin/../lib/gcc/arm-none-eabi/14.2.1/../../../../arm-none-eabi/lib/libc.a(libc_a-__call_atexit.o)
 .text          0x080002d4        0x0 /Applications/ArmGNUToolchain/14.2.rel1/arm-none-eabi/bin/../lib/gcc/arm-none-eabi/14.2.1/../../../../arm-none-eabi/lib/libc.a(libc_a-atexit.o)
 .text          0x080002d4        0x0 /Applications/ArmGNUToolchain/14.2.rel1/arm-none-eabi/bin/../lib/gcc/arm-none-eabi/14.2.1/../../../../arm-none-eabi/lib/libc.a(libc_a-mallocr.o)
 .text          0x080002d4        0x0 /Applications/ArmGNUToolchain/14.2.rel1/arm-none-eabi/bin/../lib/gcc/arm-none-eabi/14.2.1/../../../../arm-none-eabi/lib/libc.a(libc_a-mlock.o)
 .text          0x080002d4        0x0 /Applications/ArmGNUToolchain/14.2.rel1/arm-none-eabi/bin/../lib/gcc/arm-none-eabi/14.2.1/../../../../arm-none-eabi/lib/libc.a(libc_a-fwalk.o)
 .text          0x080002d4        0x0 /Applications/ArmGNUToolchain/14.2.rel1/arm-none-eabi/bin/../lib/gcc/arm-none-eabi/14.2.1/../../../../arm-none-eabi/lib/libc.a(libc_a-fclose.o)
 .text          0x080002d4        0x0 /Applications/ArmGNUToolchain/14.2.rel1/arm-none-eabi/bin/../lib/gcc/arm-none-eabi/14.2.1/../../../../arm-none-eabi/lib/libc.a(libc_a-fflush.o)
 .text          0x080002d4        0x0 /Applications/ArmGNUToolchain/14.2.rel1/arm-none-eabi/bin/../lib/gcc/arm-none-eabi/14.2.1/../../../../arm-none-eabi/lib/libc.a(libc_a-stdio.o)
 .text          0x080002d4        0x0 /Applications/ArmGNUToolchain/14.2.rel1/arm-none-eabi/bin/../lib/gcc/arm-none-eabi/14.2.1/../../../../arm-none-eabi/lib/libc.a(libc_a-closer.o)
 .text          0x080002d4        0x0 /Applications/ArmGNUToolchain/14.2.rel1/arm-none-eabi/bin/../lib/gcc/arm-none-eabi/14.2.1/../../../../arm-none-eabi/lib/libc.a(libc_a-reent.o)
 .text          0x080002d4        0x0 /Applications/ArmGNUToolchain/14.2.rel1/arm-none-eabi/bin/../lib/gcc/arm-none-eabi/14.2.1/../../../../arm-none-eabi/lib/libc.a(libc_a-lseekr.o)
 .text          0x080002d4        0x0 /Applications/ArmGNUToolchain/14.2.rel1/arm-none-eabi/bin/../lib/gcc/arm-none-eabi/14.2.1/../../../../arm-none-eabi/lib/libc.a(libc_a-readr.o)
 .text          0x080002d4        0x0 /Applications/ArmGNUToolchain/14.2.rel1/arm-none-eabi/bin/../lib/gcc/arm-none-eabi/14.2.1/../../../../arm-none-eabi/lib/libc.a(libc_a-sbrkr.o)
 .text          0x080002d4        0x0 /Applications/ArmGNUToolchain/14.2.rel1/arm-none-eabi/bin/../lib/gcc/arm-none-eabi/14.2.1/../../../../arm-none-eabi/lib/libc.a(libc_a-writer.o)
 .text          0x080002d4        0x0 /Applications/ArmGNUToolchain/14.2.rel1/arm-none-eabi/bin/../lib/gcc/arm-none-eabi/14.2.1/../../../../arm-none-eabi/lib/libc.a(libc_a-sysconf.o)
 .text          0x080002d4        0x0 /Applications/ArmGNUToolchain/14.2.rel1/arm-none-eabi/bin/../lib/gcc/arm-none-eabi/14.2.1/../../../../arm-none-eabi/lib/libc.a(libc_a-fini.o)
 .text          0x080002d4        0x0 /Applications/ArmGNUToolchain/14.2.rel1/arm-none-eabi/bin/../lib/gcc/arm-none-eabi/14.2.1/../../../../arm-none-eabi/lib/libc.a(libc_a-__atexit.o)
 .text          0x080002d4        0x0 /Applications/ArmGNUToolchain/14.2.rel1/arm-none-eabi/bin/../lib/gcc/arm-none-eabi/14.2.1/../../../../arm-none-eabi/lib/libc.a(libc_a-freer.o)
 .text          0x080002d4        0x0 /Applications/ArmGNUToolchain/14.2.rel1/arm-none-eabi/bin/../lib/gcc/arm-none-eabi/14.2.1/../../../../arm-none-eabi/lib/libc.a(libc_a-errno.o)
 .text          0x080002d4      0x114 /Applications/ArmGNUToolchain/14.2.rel1/arm-none-eabi/bin/../lib/gcc/arm-none-eabi/14.2.1/libgcc.a(_udivsi3.o)
                0x080002d4                __udivsi3
                0x080002d4                __aeabi_uidiv
                0x080003c8                __aeabi_uidivmod
 .text          0x080003e8        0x4 /Applications/ArmGNUToolchain/14.2.rel1/arm-none-eabi/bin/../lib/gcc/arm-none-eabi/14.2.1/libgcc.a(_dvmd_tls.o)
                0x080003e8                __aeabi_ldiv0
                0x080003e8                __aeabi_idiv0
 .text          0x080003ec       0xc8 src/main.o
                0x080003ec                main
 .text          0x080004b4      0x174 src/print.o
                0x08000564                printf_uart
 .text          0x08000628      0x10c src/uart.o
                0x08000628                uart_init
                0x080006bc                uart_write
 .text          0x08000734       0xac src/adc.o
                0x08000734                pal_adc_init
                0x08000794                start_conversion
                0x080007bc                adc_read
 .text          0x080007e0      0x2b4 src/spi.o
                0x080007e0                spi_gpio_init
                0x080008f0                spi1_config
                0x080009a0                spi1_transmit
                0x08000a10                spi1_receive
                0x08000a5c                cs_enable
                0x08000a78                cs_disable
 .text          0x08000a94       0xa4 src/adxl345.o
                0x08000a94                adxl_read
                0x08000ad6                adxl_write
                0x08000b10                adxl_init
 .text          0x08000b38       0x8c startup/stm32f446_startup.o
                0x08000b38                DMA1_Stream3_IRQHandler
                0x08000b38                EXTI2_IRQHandler
                0x08000b38                TIM8_CC_IRQHandler
                0x08000b38                SPDIF_Rx_IRQHandler
                0x08000b38                DebugMon_Handler
                0x08000b38                SPI4_IRQHandler
                0x08000b38                TIM1_CC_IRQHandler
                0x08000b38                QuadSPI_IRQHandler
                0x08000b38                DMA2_Stream5_IRQHandler
                0x08000b38                HardFault_Handler
                0x08000b38                DMA1_Stream5_IRQHandler
                0x08000b38                SysTick_Handler
                0x08000b38                PVD_IRQHandler
                0x08000b38                SDIO_IRQHandler
                0x08000b38                TAMP_STAMP_IRQHandler
                0x08000b38                PendSV_Handler
                0x08000b38                NMI_Handler
                0x08000b38                CAN2_RX1_IRQHandler
                0x08000b38                EXTI3_IRQHandler
                0x08000b38                TIM8_TRG_COM_TIM14_IRQHandler
                0x08000b38                TIM1_UP_TIM10_IRQHandler
                0x08000b38                FMPI2C1_error_IRQHandler
                0x08000b38                TIM8_UP_TIM13_IRQHandler
                0x08000b38                I2C3_ER_IRQHandler
                0x08000b38                EXTI0_IRQHandler
                0x08000b38                I2C2_EV_IRQHandler
                0x08000b38                DMA1_Stream2_IRQHandler
                0x08000b38                CAN1_RX0_IRQHandler
                0x08000b38                FPU_IRQHandler
                0x08000b38                OTG_HS_WKUP_IRQHandler
                0x08000b38                UsageFault_Handler
                0x08000b38                CAN2_SCE_IRQHandler
                0x08000b38                DMA2_Stream2_IRQHandler
                0x08000b38                SPI1_IRQHandler
                0x08000b38                TIM6_DAC_IRQHandler
                0x08000b38                TIM1_BRK_TIM9_IRQHandler
                0x08000b38                DCMI_IRQHandler
                0x08000b38                CAN2_RX0_IRQHandler
                0x08000b38                DMA2_Stream3_IRQHandler
                0x08000b38                FMPI2C1_IRQHandler
                0x08000b38                SAI2_IRQHandler
                0x08000b38                USART6_IRQHandler
                0x08000b38                RTC_Alarm_IRQHandler
                0x08000b38                CAN1_RX1_IRQHandler
                0x08000b38                UART5_IRQHandler
                0x08000b38                DMA2_Stream0_IRQHandler
                0x08000b38                TIM4_IRQHandler
                0x08000b38                I2C1_EV_IRQHandler
                0x08000b38                HDMI_CEC_IRQHandler
                0x08000b38                DMA1_Stream6_IRQHandler
                0x08000b38                DMA1_Stream1_IRQHandler
                0x08000b38                UART4_IRQHandler
                0x08000b38                TIM3_IRQHandler
                0x08000b38                RCC_IRQHandler
                0x08000b38                TIM8_BRK_TIM12_IRQHandler
                0x08000b38                Default_Handler
                0x08000b38                EXTI15_10_IRQHandler
                0x08000b38                ADC_IRQHandler
                0x08000b38                DMA1_Stream7_IRQHandler
                0x08000b38                TIM7_IRQHandler
                0x08000b38                CAN2_TX_IRQHandler
                0x08000b38                TIM5_IRQHandler
                0x08000b38                DMA2_Stream7_IRQHandler
                0x08000b38                I2C3_EV_IRQHandler
                0x08000b38                EXTI9_5_IRQHandler
                0x08000b38                RTC_WKUP_IRQHandler
                0x08000b38                SPI2_IRQHandler
                0x08000b38                OTG_HS_EP1_IN_IRQHandler
                0x08000b38                MemManage_Handler
                0x08000b38                DMA1_Stream0_IRQHandler
                0x08000b38                CAN1_TX_IRQHandler
                0x08000b38                SVC_Handler
                0x08000b38                EXTI4_IRQHandler
                0x08000b38                OTG_HS_EP1_OUT_IRQHandler
                0x08000b38                WWDG_IRQHandler
                0x08000b38                TIM2_IRQHandler
                0x08000b38                OTG_FS_WKUP_IRQHandler
                0x08000b38                TIM1_TRG_COM_TIM11_IRQHandler
                0x08000b38                OTG_HS_IRQHandler
                0x08000b38                EXTI1_IRQHandler
                0x08000b38                USART2_IRQHandler
                0x08000b38                I2C2_ER_IRQHandler
                0x08000b38                DMA2_Stream1_IRQHandler
                0x08000b38                CAN1_SCE_IRQHandler
                0x08000b38                FLASH_IRQHandler
                0x08000b38                DMA2_Stream4_IRQHandler
                0x08000b38                BusFault_Handler
                0x08000b38                USART1_IRQHandler
                0x08000b38                OTG_FS_IRQHandler
                0x08000b38                SPI3_IRQHandler
                0x08000b38                DMA1_Stream4_IRQHandler
                0x08000b38                I2C1_ER_IRQHandler
                0x08000b38                DMA2_Stream6_IRQHandler
                0x08000b38                SAI1_IRQHandler
                0x08000b3e                Reset_Handler
 .text          0x08000bc4        0x0 /Applications/ArmGNUToolchain/14.2.rel1/arm-none-eabi/bin/../lib/gcc/arm-none-eabi/14.2.1/../../../../arm-none-eabi/lib/libnosys.a(close.o)
 .text          0x08000bc4        0x0 /Applications/ArmGNUToolchain/14.2.rel1/arm-none-eabi/bin/../lib/gcc/arm-none-eabi/14.2.1/../../../../arm-none-eabi/lib/libnosys.a(lseek.o)
 .text          0x08000bc4        0x0 /Applications/ArmGNUToolchain/14.2.rel1/arm-none-eabi/bin/../lib/gcc/arm-none-eabi/14.2.1/../../../../arm-none-eabi/lib/libnosys.a(read.o)
 .text          0x08000bc4        0x0 /Applications/ArmGNUToolchain/14.2.rel1/arm-none-eabi/bin/../lib/gcc/arm-none-eabi/14.2.1/../../../../arm-none-eabi/lib/libnosys.a(sbrk.o)
 .text          0x08000bc4        0x0 /Applications/ArmGNUToolchain/14.2.rel1/arm-none-eabi/bin/../lib/gcc/arm-none-eabi/14.2.1/../../../../arm-none-eabi/lib/libnosys.a(write.o)
 .text          0x08000bc4        0x0 /Applications/ArmGNUToolchain/14.2.rel1/arm-none-eabi/bin/../lib/gcc/arm-none-eabi/14.2.1/../../../../arm-none-eabi/lib/libnosys.a(_exit.o)
 .text          0x08000bc4        0x0 /Applications/ArmGNUToolchain/14.2.rel1/arm-none-eabi/bin/../lib/gcc/arm-none-eabi/14.2.1/crtend.o
 .text          0x08000bc4        0x0 /Applications/ArmGNUToolchain/14.2.rel1/arm-none-eabi/bin/../lib/gcc/arm-none-eabi/14.2.1/crtn.o
 *(.rodata)
 .rodata        0x08000bc4       0x38 src/main.o
                0x08000bfc                        . = ALIGN (0x4)
                0x08000bfc                        _etext = .

.glue_7         0x08000bfc        0x0
 .glue_7        0x08000bfc        0x0 linker stubs

.glue_7t        0x08000bfc        0x0
 .glue_7t       0x08000bfc        0x0 linker stubs

.vfp11_veneer   0x08000bfc        0x0
 .vfp11_veneer  0x08000bfc        0x0 linker stubs

.v4_bx          0x08000bfc        0x0
 .v4_bx         0x08000bfc        0x0 linker stubs

.init           0x08000bfc       0x18
 .init          0x08000bfc        0xc /Applications/ArmGNUToolchain/14.2.rel1/arm-none-eabi/bin/../lib/gcc/arm-none-eabi/14.2.1/crti.o
                0x08000bfc                _init
 .init          0x08000c08        0xc /Applications/ArmGNUToolchain/14.2.rel1/arm-none-eabi/bin/../lib/gcc/arm-none-eabi/14.2.1/crtn.o

.fini           0x08000c14       0x18
 .fini          0x08000c14        0xc /Applications/ArmGNUToolchain/14.2.rel1/arm-none-eabi/bin/../lib/gcc/arm-none-eabi/14.2.1/crti.o
                0x08000c14                _fini
 .fini          0x08000c20        0xc /Applications/ArmGNUToolchain/14.2.rel1/arm-none-eabi/bin/../lib/gcc/arm-none-eabi/14.2.1/crtn.o

.text.deregister_tm_clones
                0x08000c2c       0x2c
 .text.deregister_tm_clones
                0x08000c2c       0x2c /Applications/ArmGNUToolchain/14.2.rel1/arm-none-eabi/bin/../lib/gcc/arm-none-eabi/14.2.1/crtbegin.o

.text.register_tm_clones
                0x08000c58       0x38
 .text.register_tm_clones
                0x08000c58       0x38 /Applications/ArmGNUToolchain/14.2.rel1/arm-none-eabi/bin/../lib/gcc/arm-none-eabi/14.2.1/crtbegin.o

.text.__do_global_dtors_aux
                0x08000c90       0x44
 .text.__do_global_dtors_aux
                0x08000c90       0x44 /Applications/ArmGNUToolchain/14.2.rel1/arm-none-eabi/bin/../lib/gcc/arm-none-eabi/14.2.1/crtbegin.o

.text.frame_dummy
                0x08000cd4       0x34
 .text.frame_dummy
                0x08000cd4       0x34 /Applications/ArmGNUToolchain/14.2.rel1/arm-none-eabi/bin/../lib/gcc/arm-none-eabi/14.2.1/crtbegin.o

.iplt           0x08000d08        0x0
 .iplt          0x08000d08        0x0 /Applications/ArmGNUToolchain/14.2.rel1/arm-none-eabi/bin/../lib/gcc/arm-none-eabi/14.2.1/crtbegin.o

.text.exit      0x08000d08       0x30
 .text.exit     0x08000d08       0x30 /Applications/ArmGNUToolchain/14.2.rel1/arm-none-eabi/bin/../lib/gcc/arm-none-eabi/14.2.1/../../../../arm-none-eabi/lib/libc.a(libc_a-exit.o)
                0x08000d08                exit

.text.stdio_exit_handler
                0x08000d38       0x28
 .text.stdio_exit_handler
                0x08000d38       0x28 /Applications/ArmGNUToolchain/14.2.rel1/arm-none-eabi/bin/../lib/gcc/arm-none-eabi/14.2.1/../../../../arm-none-eabi/lib/libc.a(libc_a-findfp.o)

.text.cleanup_stdio
                0x08000d60       0x54
 .text.cleanup_stdio
                0x08000d60       0x54 /Applications/ArmGNUToolchain/14.2.rel1/arm-none-eabi/bin/../lib/gcc/arm-none-eabi/14.2.1/../../../../arm-none-eabi/lib/libc.a(libc_a-findfp.o)

.text.__fp_lock
                0x08000db4       0x38
 .text.__fp_lock
                0x08000db4       0x38 /Applications/ArmGNUToolchain/14.2.rel1/arm-none-eabi/bin/../lib/gcc/arm-none-eabi/14.2.1/../../../../arm-none-eabi/lib/libc.a(libc_a-findfp.o)

.text.__fp_unlock
                0x08000dec       0x38
 .text.__fp_unlock
                0x08000dec       0x38 /Applications/ArmGNUToolchain/14.2.rel1/arm-none-eabi/bin/../lib/gcc/arm-none-eabi/14.2.1/../../../../arm-none-eabi/lib/libc.a(libc_a-findfp.o)

.text.global_stdio_init.part.0
                0x08000e24      0x14c
 .text.global_stdio_init.part.0
                0x08000e24      0x14c /Applications/ArmGNUToolchain/14.2.rel1/arm-none-eabi/bin/../lib/gcc/arm-none-eabi/14.2.1/../../../../arm-none-eabi/lib/libc.a(libc_a-findfp.o)

.text.__sfp     0x08000f70      0x134
 .text.__sfp    0x08000f70      0x134 /Applications/ArmGNUToolchain/14.2.rel1/arm-none-eabi/bin/../lib/gcc/arm-none-eabi/14.2.1/../../../../arm-none-eabi/lib/libc.a(libc_a-findfp.o)
                0x08000f70                __sfp

.text.__sinit   0x080010a4       0x64
 .text.__sinit  0x080010a4       0x64 /Applications/ArmGNUToolchain/14.2.rel1/arm-none-eabi/bin/../lib/gcc/arm-none-eabi/14.2.1/../../../../arm-none-eabi/lib/libc.a(libc_a-findfp.o)
                0x080010a4                __sinit

.text.__sfp_lock_acquire
                0x08001108       0x18
 .text.__sfp_lock_acquire
                0x08001108       0x18 /Applications/ArmGNUToolchain/14.2.rel1/arm-none-eabi/bin/../lib/gcc/arm-none-eabi/14.2.1/../../../../arm-none-eabi/lib/libc.a(libc_a-findfp.o)
                0x08001108                __sfp_lock_acquire

.text.__sfp_lock_release
                0x08001120       0x18
 .text.__sfp_lock_release
                0x08001120       0x18 /Applications/ArmGNUToolchain/14.2.rel1/arm-none-eabi/bin/../lib/gcc/arm-none-eabi/14.2.1/../../../../arm-none-eabi/lib/libc.a(libc_a-findfp.o)
                0x08001120                __sfp_lock_release

.text.__fp_lock_all
                0x08001138       0x30
 .text.__fp_lock_all
                0x08001138       0x30 /Applications/ArmGNUToolchain/14.2.rel1/arm-none-eabi/bin/../lib/gcc/arm-none-eabi/14.2.1/../../../../arm-none-eabi/lib/libc.a(libc_a-findfp.o)
                0x08001138                __fp_lock_all

.text.__fp_unlock_all
                0x08001168       0x30
 .text.__fp_unlock_all
                0x08001168       0x30 /Applications/ArmGNUToolchain/14.2.rel1/arm-none-eabi/bin/../lib/gcc/arm-none-eabi/14.2.1/../../../../arm-none-eabi/lib/libc.a(libc_a-findfp.o)
                0x08001168                __fp_unlock_all

.text.memset    0x08001198      0x100
 .text.memset   0x08001198      0x100 /Applications/ArmGNUToolchain/14.2.rel1/arm-none-eabi/bin/../lib/gcc/arm-none-eabi/14.2.1/../../../../arm-none-eabi/lib/libc.a(libc_a-memset.o)
                0x08001198                memset

.text.__libc_init_array
                0x08001298       0x90
 .text.__libc_init_array
                0x08001298       0x90 /Applications/ArmGNUToolchain/14.2.rel1/arm-none-eabi/bin/../lib/gcc/arm-none-eabi/14.2.1/../../../../arm-none-eabi/lib/libc.a(libc_a-init.o)
                0x08001298                __libc_init_array

.text.__retarget_lock_init
                0x08001328        0x4
 .text.__retarget_lock_init
                0x08001328        0x4 /Applications/ArmGNUToolchain/14.2.rel1/arm-none-eabi/bin/../lib/gcc/arm-none-eabi/14.2.1/../../../../arm-none-eabi/lib/libc.a(libc_a-lock.o)
                0x08001328                __retarget_lock_init

.text.__retarget_lock_init_recursive
                0x0800132c        0x4
 .text.__retarget_lock_init_recursive
                0x0800132c        0x4 /Applications/ArmGNUToolchain/14.2.rel1/arm-none-eabi/bin/../lib/gcc/arm-none-eabi/14.2.1/../../../../arm-none-eabi/lib/libc.a(libc_a-lock.o)
                0x0800132c                __retarget_lock_init_recursive

.text.__retarget_lock_close
                0x08001330        0x4
 .text.__retarget_lock_close
                0x08001330        0x4 /Applications/ArmGNUToolchain/14.2.rel1/arm-none-eabi/bin/../lib/gcc/arm-none-eabi/14.2.1/../../../../arm-none-eabi/lib/libc.a(libc_a-lock.o)
                0x08001330                __retarget_lock_close

.text.__retarget_lock_close_recursive
                0x08001334        0x4
 .text.__retarget_lock_close_recursive
                0x08001334        0x4 /Applications/ArmGNUToolchain/14.2.rel1/arm-none-eabi/bin/../lib/gcc/arm-none-eabi/14.2.1/../../../../arm-none-eabi/lib/libc.a(libc_a-lock.o)
                0x08001334                __retarget_lock_close_recursive

.text.__retarget_lock_acquire
                0x08001338        0x4
 .text.__retarget_lock_acquire
                0x08001338        0x4 /Applications/ArmGNUToolchain/14.2.rel1/arm-none-eabi/bin/../lib/gcc/arm-none-eabi/14.2.1/../../../../arm-none-eabi/lib/libc.a(libc_a-lock.o)
                0x08001338                __retarget_lock_acquire

.text.__retarget_lock_acquire_recursive
                0x0800133c        0x4
 .text.__retarget_lock_acquire_recursive
                0x0800133c        0x4 /Applications/ArmGNUToolchain/14.2.rel1/arm-none-eabi/bin/../lib/gcc/arm-none-eabi/14.2.1/../../../../arm-none-eabi/lib/libc.a(libc_a-lock.o)
                0x0800133c                __retarget_lock_acquire_recursive

.text.__retarget_lock_try_acquire
                0x08001340        0x8
 .text.__retarget_lock_try_acquire
                0x08001340        0x8 /Applications/ArmGNUToolchain/14.2.rel1/arm-none-eabi/bin/../lib/gcc/arm-none-eabi/14.2.1/../../../../arm-none-eabi/lib/libc.a(libc_a-lock.o)
                0x08001340                __retarget_lock_try_acquire

.text.__retarget_lock_try_acquire_recursive
                0x08001348        0x8
 .text.__retarget_lock_try_acquire_recursive
                0x08001348        0x8 /Applications/ArmGNUToolchain/14.2.rel1/arm-none-eabi/bin/../lib/gcc/arm-none-eabi/14.2.1/../../../../arm-none-eabi/lib/libc.a(libc_a-lock.o)
                0x08001348                __retarget_lock_try_acquire_recursive

.text.__retarget_lock_release
                0x08001350        0x4
 .text.__retarget_lock_release
                0x08001350        0x4 /Applications/ArmGNUToolchain/14.2.rel1/arm-none-eabi/bin/../lib/gcc/arm-none-eabi/14.2.1/../../../../arm-none-eabi/lib/libc.a(libc_a-lock.o)
                0x08001350                __retarget_lock_release

.text.__retarget_lock_release_recursive
                0x08001354        0x4
 .text.__retarget_lock_release_recursive
                0x08001354        0x4 /Applications/ArmGNUToolchain/14.2.rel1/arm-none-eabi/bin/../lib/gcc/arm-none-eabi/14.2.1/../../../../arm-none-eabi/lib/libc.a(libc_a-lock.o)
                0x08001354                __retarget_lock_release_recursive

.text.startup.register_fini
                0x08001358       0x28
 .text.startup.register_fini
                0x08001358       0x28 /Applications/ArmGNUToolchain/14.2.rel1/arm-none-eabi/bin/../lib/gcc/arm-none-eabi/14.2.1/../../../../arm-none-eabi/lib/libc.a(libc_a-__call_atexit.o)

.text.__call_exitprocs
                0x08001380      0x144
 .text.__call_exitprocs
                0x08001380      0x144 /Applications/ArmGNUToolchain/14.2.rel1/arm-none-eabi/bin/../lib/gcc/arm-none-eabi/14.2.1/../../../../arm-none-eabi/lib/libc.a(libc_a-__call_atexit.o)
                0x08001380                __call_exitprocs

.text.atexit    0x080014c4       0x20
 .text.atexit   0x080014c4       0x20 /Applications/ArmGNUToolchain/14.2.rel1/arm-none-eabi/bin/../lib/gcc/arm-none-eabi/14.2.1/../../../../arm-none-eabi/lib/libc.a(libc_a-atexit.o)
                0x080014c4                atexit

.text._malloc_r
                0x080014e4      0x7d0
 .text._malloc_r
                0x080014e4      0x7d0 /Applications/ArmGNUToolchain/14.2.rel1/arm-none-eabi/bin/../lib/gcc/arm-none-eabi/14.2.1/../../../../arm-none-eabi/lib/libc.a(libc_a-mallocr.o)
                0x080014e4                _malloc_r

.text.__malloc_lock
                0x08001cb4       0x18
 .text.__malloc_lock
                0x08001cb4       0x18 /Applications/ArmGNUToolchain/14.2.rel1/arm-none-eabi/bin/../lib/gcc/arm-none-eabi/14.2.1/../../../../arm-none-eabi/lib/libc.a(libc_a-mlock.o)
                0x08001cb4                __malloc_lock

.text.__malloc_unlock
                0x08001ccc       0x18
 .text.__malloc_unlock
                0x08001ccc       0x18 /Applications/ArmGNUToolchain/14.2.rel1/arm-none-eabi/bin/../lib/gcc/arm-none-eabi/14.2.1/../../../../arm-none-eabi/lib/libc.a(libc_a-mlock.o)
                0x08001ccc                __malloc_unlock

.text._fwalk_sglue
                0x08001ce4       0x78
 .text._fwalk_sglue
                0x08001ce4       0x78 /Applications/ArmGNUToolchain/14.2.rel1/arm-none-eabi/bin/../lib/gcc/arm-none-eabi/14.2.1/../../../../arm-none-eabi/lib/libc.a(libc_a-fwalk.o)
                0x08001ce4                _fwalk_sglue

.text._fclose_r
                0x08001d5c      0x154
 .text._fclose_r
                0x08001d5c      0x154 /Applications/ArmGNUToolchain/14.2.rel1/arm-none-eabi/bin/../lib/gcc/arm-none-eabi/14.2.1/../../../../arm-none-eabi/lib/libc.a(libc_a-fclose.o)
                0x08001d5c                _fclose_r

.text.fclose    0x08001eb0       0x14
 .text.fclose   0x08001eb0       0x14 /Applications/ArmGNUToolchain/14.2.rel1/arm-none-eabi/bin/../lib/gcc/arm-none-eabi/14.2.1/../../../../arm-none-eabi/lib/libc.a(libc_a-fclose.o)
                0x08001eb0                fclose

.text.__sflush_r
                0x08001ec4      0x20c
 .text.__sflush_r
                0x08001ec4      0x20c /Applications/ArmGNUToolchain/14.2.rel1/arm-none-eabi/bin/../lib/gcc/arm-none-eabi/14.2.1/../../../../arm-none-eabi/lib/libc.a(libc_a-fflush.o)
                0x08001ec4                __sflush_r

.text._fflush_r
                0x080020d0       0x9c
 .text._fflush_r
                0x080020d0       0x9c /Applications/ArmGNUToolchain/14.2.rel1/arm-none-eabi/bin/../lib/gcc/arm-none-eabi/14.2.1/../../../../arm-none-eabi/lib/libc.a(libc_a-fflush.o)
                0x080020d0                _fflush_r

.text.fflush    0x0800216c       0xd4
 .text.fflush   0x0800216c       0xd4 /Applications/ArmGNUToolchain/14.2.rel1/arm-none-eabi/bin/../lib/gcc/arm-none-eabi/14.2.1/../../../../arm-none-eabi/lib/libc.a(libc_a-fflush.o)
                0x0800216c                fflush

.text.__sread   0x08002240       0x34
 .text.__sread  0x08002240       0x34 /Applications/ArmGNUToolchain/14.2.rel1/arm-none-eabi/bin/../lib/gcc/arm-none-eabi/14.2.1/../../../../arm-none-eabi/lib/libc.a(libc_a-stdio.o)
                0x08002240                __sread

.text.__seofread
                0x08002274        0x8
 .text.__seofread
                0x08002274        0x8 /Applications/ArmGNUToolchain/14.2.rel1/arm-none-eabi/bin/../lib/gcc/arm-none-eabi/14.2.1/../../../../arm-none-eabi/lib/libc.a(libc_a-stdio.o)
                0x08002274                __seofread

.text.__swrite  0x0800227c       0x5c
 .text.__swrite
                0x0800227c       0x5c /Applications/ArmGNUToolchain/14.2.rel1/arm-none-eabi/bin/../lib/gcc/arm-none-eabi/14.2.1/../../../../arm-none-eabi/lib/libc.a(libc_a-stdio.o)
                0x0800227c                __swrite

.text.__sseek   0x080022d8       0x30
 .text.__sseek  0x080022d8       0x30 /Applications/ArmGNUToolchain/14.2.rel1/arm-none-eabi/bin/../lib/gcc/arm-none-eabi/14.2.1/../../../../arm-none-eabi/lib/libc.a(libc_a-stdio.o)
                0x080022d8                __sseek

.text.__sclose  0x08002308       0x14
 .text.__sclose
                0x08002308       0x14 /Applications/ArmGNUToolchain/14.2.rel1/arm-none-eabi/bin/../lib/gcc/arm-none-eabi/14.2.1/../../../../arm-none-eabi/lib/libc.a(libc_a-stdio.o)
                0x08002308                __sclose

.text._close_r  0x0800231c       0x3c
 .text._close_r
                0x0800231c       0x3c /Applications/ArmGNUToolchain/14.2.rel1/arm-none-eabi/bin/../lib/gcc/arm-none-eabi/14.2.1/../../../../arm-none-eabi/lib/libc.a(libc_a-closer.o)
                0x0800231c                _close_r

.text._reclaim_reent
                0x08002358       0xc8
 .text._reclaim_reent
                0x08002358       0xc8 /Applications/ArmGNUToolchain/14.2.rel1/arm-none-eabi/bin/../lib/gcc/arm-none-eabi/14.2.1/../../../../arm-none-eabi/lib/libc.a(libc_a-reent.o)
                0x08002358                _reclaim_reent

.text._lseek_r  0x08002420       0x48
 .text._lseek_r
                0x08002420       0x48 /Applications/ArmGNUToolchain/14.2.rel1/arm-none-eabi/bin/../lib/gcc/arm-none-eabi/14.2.1/../../../../arm-none-eabi/lib/libc.a(libc_a-lseekr.o)
                0x08002420                _lseek_r

.text._read_r   0x08002468       0x48
 .text._read_r  0x08002468       0x48 /Applications/ArmGNUToolchain/14.2.rel1/arm-none-eabi/bin/../lib/gcc/arm-none-eabi/14.2.1/../../../../arm-none-eabi/lib/libc.a(libc_a-readr.o)
                0x08002468                _read_r

.text._sbrk_r   0x080024b0       0x44
 .text._sbrk_r  0x080024b0       0x44 /Applications/ArmGNUToolchain/14.2.rel1/arm-none-eabi/bin/../lib/gcc/arm-none-eabi/14.2.1/../../../../arm-none-eabi/lib/libc.a(libc_a-sbrkr.o)
                0x080024b0                _sbrk_r

.text._write_r  0x080024f4       0x48
 .text._write_r
                0x080024f4       0x48 /Applications/ArmGNUToolchain/14.2.rel1/arm-none-eabi/bin/../lib/gcc/arm-none-eabi/14.2.1/../../../../arm-none-eabi/lib/libc.a(libc_a-writer.o)
                0x080024f4                _write_r

.text.sysconf   0x0800253c       0x30
 .text.sysconf  0x0800253c       0x30 /Applications/ArmGNUToolchain/14.2.rel1/arm-none-eabi/bin/../lib/gcc/arm-none-eabi/14.2.1/../../../../arm-none-eabi/lib/libc.a(libc_a-sysconf.o)
                0x0800253c                sysconf

.text.__libc_fini_array
                0x0800256c       0x44
 .text.__libc_fini_array
                0x0800256c       0x44 /Applications/ArmGNUToolchain/14.2.rel1/arm-none-eabi/bin/../lib/gcc/arm-none-eabi/14.2.1/../../../../arm-none-eabi/lib/libc.a(libc_a-fini.o)
                0x0800256c                __libc_fini_array

.text.__register_exitproc
                0x080025b0       0xb8
 .text.__register_exitproc
                0x080025b0       0xb8 /Applications/ArmGNUToolchain/14.2.rel1/arm-none-eabi/bin/../lib/gcc/arm-none-eabi/14.2.1/../../../../arm-none-eabi/lib/libc.a(libc_a-__atexit.o)
                0x080025b0                __register_exitproc

.text._malloc_trim_r
                0x08002668      0x114
 .text._malloc_trim_r
                0x08002668      0x114 /Applications/ArmGNUToolchain/14.2.rel1/arm-none-eabi/bin/../lib/gcc/arm-none-eabi/14.2.1/../../../../arm-none-eabi/lib/libc.a(libc_a-freer.o)
                0x08002668                _malloc_trim_r

.text._free_r   0x0800277c      0x2e8
 .text._free_r  0x0800277c      0x2e8 /Applications/ArmGNUToolchain/14.2.rel1/arm-none-eabi/bin/../lib/gcc/arm-none-eabi/14.2.1/../../../../arm-none-eabi/lib/libc.a(libc_a-freer.o)
                0x0800277c                _free_r

.text.__errno   0x08002a64       0x10
 .text.__errno  0x08002a64       0x10 /Applications/ArmGNUToolchain/14.2.rel1/arm-none-eabi/bin/../lib/gcc/arm-none-eabi/14.2.1/../../../../arm-none-eabi/lib/libc.a(libc_a-errno.o)
                0x08002a64                __errno

.text._close    0x08002a74       0x18
 .text._close   0x08002a74       0x18 /Applications/ArmGNUToolchain/14.2.rel1/arm-none-eabi/bin/../lib/gcc/arm-none-eabi/14.2.1/../../../../arm-none-eabi/lib/libnosys.a(close.o)
                0x08002a74                _close

.text._lseek    0x08002a8c       0x18
 .text._lseek   0x08002a8c       0x18 /Applications/ArmGNUToolchain/14.2.rel1/arm-none-eabi/bin/../lib/gcc/arm-none-eabi/14.2.1/../../../../arm-none-eabi/lib/libnosys.a(lseek.o)
                0x08002a8c                _lseek

.text._read     0x08002aa4       0x18
 .text._read    0x08002aa4       0x18 /Applications/ArmGNUToolchain/14.2.rel1/arm-none-eabi/bin/../lib/gcc/arm-none-eabi/14.2.1/../../../../arm-none-eabi/lib/libnosys.a(read.o)
                0x08002aa4                _read

.text._sbrk     0x08002abc       0x2c
 .text._sbrk    0x08002abc       0x2c /Applications/ArmGNUToolchain/14.2.rel1/arm-none-eabi/bin/../lib/gcc/arm-none-eabi/14.2.1/../../../../arm-none-eabi/lib/libnosys.a(sbrk.o)
                0x08002abc                _sbrk

.text._write    0x08002ae8       0x18
 .text._write   0x08002ae8       0x18 /Applications/ArmGNUToolchain/14.2.rel1/arm-none-eabi/bin/../lib/gcc/arm-none-eabi/14.2.1/../../../../arm-none-eabi/lib/libnosys.a(write.o)
                0x08002ae8                _write

.text._exit     0x08002b00        0x4
 .text._exit    0x08002b00        0x4 /Applications/ArmGNUToolchain/14.2.rel1/arm-none-eabi/bin/../lib/gcc/arm-none-eabi/14.2.1/../../../../arm-none-eabi/lib/libnosys.a(_exit.o)
                0x08002b00                _exit

.rodata.all_implied_fbits
                0x08002b04       0x48
 .rodata.all_implied_fbits
                0x08002b04       0x24 /Applications/ArmGNUToolchain/14.2.rel1/arm-none-eabi/bin/../lib/gcc/arm-none-eabi/14.2.1/crtbegin.o
 .rodata.all_implied_fbits
                0x08002b28       0x24 /Applications/ArmGNUToolchain/14.2.rel1/arm-none-eabi/bin/../lib/gcc/arm-none-eabi/14.2.1/crtend.o

.eh_frame       0x08002b4c        0x4
 .eh_frame      0x08002b4c        0x0 /Applications/ArmGNUToolchain/14.2.rel1/arm-none-eabi/bin/../lib/gcc/arm-none-eabi/14.2.1/crtbegin.o
 .eh_frame      0x08002b4c        0x4 /Applications/ArmGNUToolchain/14.2.rel1/arm-none-eabi/bin/../lib/gcc/arm-none-eabi/14.2.1/crtend.o

.ARM.extab      0x08002b50        0x0
 .ARM.extab     0x08002b50        0x0 /Applications/ArmGNUToolchain/14.2.rel1/arm-none-eabi/bin/../lib/gcc/arm-none-eabi/14.2.1/../../../../arm-none-eabi/lib/crt0.o

.ARM.exidx      0x08002b50        0x8
 .ARM.exidx     0x08002b50        0x8 /Applications/ArmGNUToolchain/14.2.rel1/arm-none-eabi/bin/../lib/gcc/arm-none-eabi/14.2.1/../../../../arm-none-eabi/lib/crt0.o
                                 0x10 (size before relaxing)

.rel.dyn        0x08002b58        0x0
 .rel.iplt      0x08002b58        0x0 /Applications/ArmGNUToolchain/14.2.rel1/arm-none-eabi/bin/../lib/gcc/arm-none-eabi/14.2.1/crtbegin.o

.data           0x20000000        0x0 load address 0x08002b58
                0x20000000                        . = ALIGN (0x4)
                0x20000000                        _sdata = .
 *(.data)
 .data          0x20000000        0x0 /Applications/ArmGNUToolchain/14.2.rel1/arm-none-eabi/bin/../lib/gcc/arm-none-eabi/14.2.1/crti.o
 .data          0x20000000        0x0 /Applications/ArmGNUToolchain/14.2.rel1/arm-none-eabi/bin/../lib/gcc/arm-none-eabi/14.2.1/crtbegin.o
 .data          0x20000000        0x0 /Applications/ArmGNUToolchain/14.2.rel1/arm-none-eabi/bin/../lib/gcc/arm-none-eabi/14.2.1/../../../../arm-none-eabi/lib/crt0.o
 .data          0x20000000        0x0 /Applications/ArmGNUToolchain/14.2.rel1/arm-none-eabi/bin/../lib/gcc/arm-none-eabi/14.2.1/../../../../arm-none-eabi/lib/libc.a(libc_a-exit.o)
 .data          0x20000000        0x0 /Applications/ArmGNUToolchain/14.2.rel1/arm-none-eabi/bin/../lib/gcc/arm-none-eabi/14.2.1/../../../../arm-none-eabi/lib/libc.a(libc_a-findfp.o)
 .data          0x20000000        0x0 /Applications/ArmGNUToolchain/14.2.rel1/arm-none-eabi/bin/../lib/gcc/arm-none-eabi/14.2.1/../../../../arm-none-eabi/lib/libc.a(libc_a-memset.o)
 .data          0x20000000        0x0 /Applications/ArmGNUToolchain/14.2.rel1/arm-none-eabi/bin/../lib/gcc/arm-none-eabi/14.2.1/../../../../arm-none-eabi/lib/libc.a(libc_a-impure.o)
 .data          0x20000000        0x0 /Applications/ArmGNUToolchain/14.2.rel1/arm-none-eabi/bin/../lib/gcc/arm-none-eabi/14.2.1/../../../../arm-none-eabi/lib/libc.a(libc_a-init.o)
 .data          0x20000000        0x0 /Applications/ArmGNUToolchain/14.2.rel1/arm-none-eabi/bin/../lib/gcc/arm-none-eabi/14.2.1/../../../../arm-none-eabi/lib/libc.a(libc_a-lock.o)
 .data          0x20000000        0x0 /Applications/ArmGNUToolchain/14.2.rel1/arm-none-eabi/bin/../lib/gcc/arm-none-eabi/14.2.1/../../../../arm-none-eabi/lib/libc.a(libc_a-__call_atexit.o)
 .data          0x20000000        0x0 /Applications/ArmGNUToolchain/14.2.rel1/arm-none-eabi/bin/../lib/gcc/arm-none-eabi/14.2.1/../../../../arm-none-eabi/lib/libc.a(libc_a-atexit.o)
 .data          0x20000000        0x0 /Applications/ArmGNUToolchain/14.2.rel1/arm-none-eabi/bin/../lib/gcc/arm-none-eabi/14.2.1/../../../../arm-none-eabi/lib/libc.a(libc_a-mallocr.o)
 .data          0x20000000        0x0 /Applications/ArmGNUToolchain/14.2.rel1/arm-none-eabi/bin/../lib/gcc/arm-none-eabi/14.2.1/../../../../arm-none-eabi/lib/libc.a(libc_a-mlock.o)
 .data          0x20000000        0x0 /Applications/ArmGNUToolchain/14.2.rel1/arm-none-eabi/bin/../lib/gcc/arm-none-eabi/14.2.1/../../../../arm-none-eabi/lib/libc.a(libc_a-fwalk.o)
 .data          0x20000000        0x0 /Applications/ArmGNUToolchain/14.2.rel1/arm-none-eabi/bin/../lib/gcc/arm-none-eabi/14.2.1/../../../../arm-none-eabi/lib/libc.a(libc_a-fclose.o)
 .data          0x20000000        0x0 /Applications/ArmGNUToolchain/14.2.rel1/arm-none-eabi/bin/../lib/gcc/arm-none-eabi/14.2.1/../../../../arm-none-eabi/lib/libc.a(libc_a-fflush.o)
 .data          0x20000000        0x0 /Applications/ArmGNUToolchain/14.2.rel1/arm-none-eabi/bin/../lib/gcc/arm-none-eabi/14.2.1/../../../../arm-none-eabi/lib/libc.a(libc_a-stdio.o)
 .data          0x20000000        0x0 /Applications/ArmGNUToolchain/14.2.rel1/arm-none-eabi/bin/../lib/gcc/arm-none-eabi/14.2.1/../../../../arm-none-eabi/lib/libc.a(libc_a-closer.o)
 .data          0x20000000        0x0 /Applications/ArmGNUToolchain/14.2.rel1/arm-none-eabi/bin/../lib/gcc/arm-none-eabi/14.2.1/../../../../arm-none-eabi/lib/libc.a(libc_a-reent.o)
 .data          0x20000000        0x0 /Applications/ArmGNUToolchain/14.2.rel1/arm-none-eabi/bin/../lib/gcc/arm-none-eabi/14.2.1/../../../../arm-none-eabi/lib/libc.a(libc_a-lseekr.o)
 .data          0x20000000        0x0 /Applications/ArmGNUToolchain/14.2.rel1/arm-none-eabi/bin/../lib/gcc/arm-none-eabi/14.2.1/../../../../arm-none-eabi/lib/libc.a(libc_a-readr.o)
 .data          0x20000000        0x0 /Applications/ArmGNUToolchain/14.2.rel1/arm-none-eabi/bin/../lib/gcc/arm-none-eabi/14.2.1/../../../../arm-none-eabi/lib/libc.a(libc_a-sbrkr.o)
 .data          0x20000000        0x0 /Applications/ArmGNUToolchain/14.2.rel1/arm-none-eabi/bin/../lib/gcc/arm-none-eabi/14.2.1/../../../../arm-none-eabi/lib/libc.a(libc_a-writer.o)
 .data          0x20000000        0x0 /Applications/ArmGNUToolchain/14.2.rel1/arm-none-eabi/bin/../lib/gcc/arm-none-eabi/14.2.1/../../../../arm-none-eabi/lib/libc.a(libc_a-sysconf.o)
 .data          0x20000000        0x0 /Applications/ArmGNUToolchain/14.2.rel1/arm-none-eabi/bin/../lib/gcc/arm-none-eabi/14.2.1/../../../../arm-none-eabi/lib/libc.a(libc_a-fini.o)
 .data          0x20000000        0x0 /Applications/ArmGNUToolchain/14.2.rel1/arm-none-eabi/bin/../lib/gcc/arm-none-eabi/14.2.1/../../../../arm-none-eabi/lib/libc.a(libc_a-__atexit.o)
 .data          0x20000000        0x0 /Applications/ArmGNUToolchain/14.2.rel1/arm-none-eabi/bin/../lib/gcc/arm-none-eabi/14.2.1/../../../../arm-none-eabi/lib/libc.a(libc_a-freer.o)
 .data          0x20000000        0x0 /Applications/ArmGNUToolchain/14.2.rel1/arm-none-eabi/bin/../lib/gcc/arm-none-eabi/14.2.1/../../../../arm-none-eabi/lib/libc.a(libc_a-errno.o)
 .data          0x20000000        0x0 /Applications/ArmGNUToolchain/14.2.rel1/arm-none-eabi/bin/../lib/gcc/arm-none-eabi/14.2.1/libgcc.a(_udivsi3.o)
 .data          0x20000000        0x0 /Applications/ArmGNUToolchain/14.2.rel1/arm-none-eabi/bin/../lib/gcc/arm-none-eabi/14.2.1/libgcc.a(_dvmd_tls.o)
 .data          0x20000000        0x0 src/main.o
 .data          0x20000000        0x0 src/print.o
 .data          0x20000000        0x0 src/uart.o
 .data          0x20000000        0x0 src/adc.o
 .data          0x20000000        0x0 src/spi.o
 .data          0x20000000        0x0 src/adxl345.o
 .data          0x20000000        0x0 startup/stm32f446_startup.o
 .data          0x20000000        0x0 /Applications/ArmGNUToolchain/14.2.rel1/arm-none-eabi/bin/../lib/gcc/arm-none-eabi/14.2.1/../../../../arm-none-eabi/lib/libnosys.a(close.o)
 .data          0x20000000        0x0 /Applications/ArmGNUToolchain/14.2.rel1/arm-none-eabi/bin/../lib/gcc/arm-none-eabi/14.2.1/../../../../arm-none-eabi/lib/libnosys.a(lseek.o)
 .data          0x20000000        0x0 /Applications/ArmGNUToolchain/14.2.rel1/arm-none-eabi/bin/../lib/gcc/arm-none-eabi/14.2.1/../../../../arm-none-eabi/lib/libnosys.a(read.o)
 .data          0x20000000        0x0 /Applications/ArmGNUToolchain/14.2.rel1/arm-none-eabi/bin/../lib/gcc/arm-none-eabi/14.2.1/../../../../arm-none-eabi/lib/libnosys.a(sbrk.o)
 .data          0x20000000        0x0 /Applications/ArmGNUToolchain/14.2.rel1/arm-none-eabi/bin/../lib/gcc/arm-none-eabi/14.2.1/../../../../arm-none-eabi/lib/libnosys.a(write.o)
 .data          0x20000000        0x0 /Applications/ArmGNUToolchain/14.2.rel1/arm-none-eabi/bin/../lib/gcc/arm-none-eabi/14.2.1/../../../../arm-none-eabi/lib/libnosys.a(_exit.o)
 .data          0x20000000        0x0 /Applications/ArmGNUToolchain/14.2.rel1/arm-none-eabi/bin/../lib/gcc/arm-none-eabi/14.2.1/crtend.o
 .data          0x20000000        0x0 /Applications/ArmGNUToolchain/14.2.rel1/arm-none-eabi/bin/../lib/gcc/arm-none-eabi/14.2.1/crtn.o
                0x20000000                        . = ALIGN (0x4)
                0x20000000                        _edata = .

.init_array     0x20000000        0x4 load address 0x08002b58
 .init_array    0x20000000        0x4 /Applications/ArmGNUToolchain/14.2.rel1/arm-none-eabi/bin/../lib/gcc/arm-none-eabi/14.2.1/crtbegin.o

.fini_array     0x20000004        0x4 load address 0x08002b5c
 .fini_array    0x20000004        0x4 /Applications/ArmGNUToolchain/14.2.rel1/arm-none-eabi/bin/../lib/gcc/arm-none-eabi/14.2.1/crtbegin.o

.tm_clone_table
                0x20000008        0x0 load address 0x08002b60
 .tm_clone_table
                0x20000008        0x0 /Applications/ArmGNUToolchain/14.2.rel1/arm-none-eabi/bin/../lib/gcc/arm-none-eabi/14.2.1/crtbegin.o
 .tm_clone_table
                0x20000008        0x0 /Applications/ArmGNUToolchain/14.2.rel1/arm-none-eabi/bin/../lib/gcc/arm-none-eabi/14.2.1/crtend.o

.data.__dso_handle
                0x20000008        0x4 load address 0x08002b60
 .data.__dso_handle
                0x20000008        0x4 /Applications/ArmGNUToolchain/14.2.rel1/arm-none-eabi/bin/../lib/gcc/arm-none-eabi/14.2.1/crtbegin.o
                0x20000008                __dso_handle

.igot.plt       0x2000000c        0x0 load address 0x08002b64
 .igot.plt      0x2000000c        0x0 /Applications/ArmGNUToolchain/14.2.rel1/arm-none-eabi/bin/../lib/gcc/arm-none-eabi/14.2.1/crtbegin.o

.data.__sglue   0x2000000c        0xc load address 0x08002b64
 .data.__sglue  0x2000000c        0xc /Applications/ArmGNUToolchain/14.2.rel1/arm-none-eabi/bin/../lib/gcc/arm-none-eabi/14.2.1/../../../../arm-none-eabi/lib/libc.a(libc_a-findfp.o)
                0x2000000c                __sglue

.data._impure_ptr
                0x20000018        0x4 load address 0x08002b70
 .data._impure_ptr
                0x20000018        0x4 /Applications/ArmGNUToolchain/14.2.rel1/arm-none-eabi/bin/../lib/gcc/arm-none-eabi/14.2.1/../../../../arm-none-eabi/lib/libc.a(libc_a-impure.o)
                0x20000018                _impure_ptr

.data._impure_data
                0x20000020      0x140 load address 0x08002b74
 .data._impure_data
                0x20000020      0x140 /Applications/ArmGNUToolchain/14.2.rel1/arm-none-eabi/bin/../lib/gcc/arm-none-eabi/14.2.1/../../../../arm-none-eabi/lib/libc.a(libc_a-impure.o)
                0x20000020                _impure_data

.init_array.00000
                0x20000160        0x4 load address 0x08002cb4
 .init_array.00000
                0x20000160        0x4 /Applications/ArmGNUToolchain/14.2.rel1/arm-none-eabi/bin/../lib/gcc/arm-none-eabi/14.2.1/../../../../arm-none-eabi/lib/libc.a(libc_a-__call_atexit.o)

.data.__atexit_recursive_mutex
                0x20000164        0x4 load address 0x08002cb8
 .data.__atexit_recursive_mutex
                0x20000164        0x4 /Applications/ArmGNUToolchain/14.2.rel1/arm-none-eabi/bin/../lib/gcc/arm-none-eabi/14.2.1/../../../../arm-none-eabi/lib/libc.a(libc_a-__call_atexit.o)
                0x20000164                __atexit_recursive_mutex

.data.__malloc_sbrk_base
                0x20000168        0x4 load address 0x08002cbc
 .data.__malloc_sbrk_base
                0x20000168        0x4 /Applications/ArmGNUToolchain/14.2.rel1/arm-none-eabi/bin/../lib/gcc/arm-none-eabi/14.2.1/../../../../arm-none-eabi/lib/libc.a(libc_a-mallocr.o)
                0x20000168                __malloc_sbrk_base

.data.__malloc_trim_threshold
                0x2000016c        0x4 load address 0x08002cc0
 .data.__malloc_trim_threshold
                0x2000016c        0x4 /Applications/ArmGNUToolchain/14.2.rel1/arm-none-eabi/bin/../lib/gcc/arm-none-eabi/14.2.1/../../../../arm-none-eabi/lib/libc.a(libc_a-mallocr.o)
                0x2000016c                __malloc_trim_threshold

.data.__malloc_av_
                0x20000170      0x408 load address 0x08002cc4
 .data.__malloc_av_
                0x20000170      0x408 /Applications/ArmGNUToolchain/14.2.rel1/arm-none-eabi/bin/../lib/gcc/arm-none-eabi/14.2.1/../../../../arm-none-eabi/lib/libc.a(libc_a-mallocr.o)
                0x20000170                __malloc_av_

.bss            0x20000578       0x28 load address 0x080030cc
                0x20000578                        . = ALIGN (0x4)
                0x20000578                        _sbss = .
 *(.bss)
 .bss           0x20000578        0x0 /Applications/ArmGNUToolchain/14.2.rel1/arm-none-eabi/bin/../lib/gcc/arm-none-eabi/14.2.1/crti.o
 .bss           0x20000578        0x0 /Applications/ArmGNUToolchain/14.2.rel1/arm-none-eabi/bin/../lib/gcc/arm-none-eabi/14.2.1/crtbegin.o
 .bss           0x20000578        0x0 /Applications/ArmGNUToolchain/14.2.rel1/arm-none-eabi/bin/../lib/gcc/arm-none-eabi/14.2.1/../../../../arm-none-eabi/lib/crt0.o
 .bss           0x20000578        0x0 /Applications/ArmGNUToolchain/14.2.rel1/arm-none-eabi/bin/../lib/gcc/arm-none-eabi/14.2.1/../../../../arm-none-eabi/lib/libc.a(libc_a-exit.o)
 .bss           0x20000578        0x0 /Applications/ArmGNUToolchain/14.2.rel1/arm-none-eabi/bin/../lib/gcc/arm-none-eabi/14.2.1/../../../../arm-none-eabi/lib/libc.a(libc_a-findfp.o)
 .bss           0x20000578        0x0 /Applications/ArmGNUToolchain/14.2.rel1/arm-none-eabi/bin/../lib/gcc/arm-none-eabi/14.2.1/../../../../arm-none-eabi/lib/libc.a(libc_a-memset.o)
 .bss           0x20000578        0x0 /Applications/ArmGNUToolchain/14.2.rel1/arm-none-eabi/bin/../lib/gcc/arm-none-eabi/14.2.1/../../../../arm-none-eabi/lib/libc.a(libc_a-impure.o)
 .bss           0x20000578        0x0 /Applications/ArmGNUToolchain/14.2.rel1/arm-none-eabi/bin/../lib/gcc/arm-none-eabi/14.2.1/../../../../arm-none-eabi/lib/libc.a(libc_a-init.o)
 .bss           0x20000578        0x0 /Applications/ArmGNUToolchain/14.2.rel1/arm-none-eabi/bin/../lib/gcc/arm-none-eabi/14.2.1/../../../../arm-none-eabi/lib/libc.a(libc_a-lock.o)
 .bss           0x20000578        0x0 /Applications/ArmGNUToolchain/14.2.rel1/arm-none-eabi/bin/../lib/gcc/arm-none-eabi/14.2.1/../../../../arm-none-eabi/lib/libc.a(libc_a-__call_atexit.o)
 .bss           0x20000578        0x0 /Applications/ArmGNUToolchain/14.2.rel1/arm-none-eabi/bin/../lib/gcc/arm-none-eabi/14.2.1/../../../../arm-none-eabi/lib/libc.a(libc_a-atexit.o)
 .bss           0x20000578        0x0 /Applications/ArmGNUToolchain/14.2.rel1/arm-none-eabi/bin/../lib/gcc/arm-none-eabi/14.2.1/../../../../arm-none-eabi/lib/libc.a(libc_a-mallocr.o)
 .bss           0x20000578        0x0 /Applications/ArmGNUToolchain/14.2.rel1/arm-none-eabi/bin/../lib/gcc/arm-none-eabi/14.2.1/../../../../arm-none-eabi/lib/libc.a(libc_a-mlock.o)
 .bss           0x20000578        0x0 /Applications/ArmGNUToolchain/14.2.rel1/arm-none-eabi/bin/../lib/gcc/arm-none-eabi/14.2.1/../../../../arm-none-eabi/lib/libc.a(libc_a-fwalk.o)
 .bss           0x20000578        0x0 /Applications/ArmGNUToolchain/14.2.rel1/arm-none-eabi/bin/../lib/gcc/arm-none-eabi/14.2.1/../../../../arm-none-eabi/lib/libc.a(libc_a-fclose.o)
 .bss           0x20000578        0x0 /Applications/ArmGNUToolchain/14.2.rel1/arm-none-eabi/bin/../lib/gcc/arm-none-eabi/14.2.1/../../../../arm-none-eabi/lib/libc.a(libc_a-fflush.o)
 .bss           0x20000578        0x0 /Applications/ArmGNUToolchain/14.2.rel1/arm-none-eabi/bin/../lib/gcc/arm-none-eabi/14.2.1/../../../../arm-none-eabi/lib/libc.a(libc_a-stdio.o)
 .bss           0x20000578        0x0 /Applications/ArmGNUToolchain/14.2.rel1/arm-none-eabi/bin/../lib/gcc/arm-none-eabi/14.2.1/../../../../arm-none-eabi/lib/libc.a(libc_a-closer.o)
 .bss           0x20000578        0x0 /Applications/ArmGNUToolchain/14.2.rel1/arm-none-eabi/bin/../lib/gcc/arm-none-eabi/14.2.1/../../../../arm-none-eabi/lib/libc.a(libc_a-reent.o)
 .bss           0x20000578        0x0 /Applications/ArmGNUToolchain/14.2.rel1/arm-none-eabi/bin/../lib/gcc/arm-none-eabi/14.2.1/../../../../arm-none-eabi/lib/libc.a(libc_a-lseekr.o)
 .bss           0x20000578        0x0 /Applications/ArmGNUToolchain/14.2.rel1/arm-none-eabi/bin/../lib/gcc/arm-none-eabi/14.2.1/../../../../arm-none-eabi/lib/libc.a(libc_a-readr.o)
 .bss           0x20000578        0x0 /Applications/ArmGNUToolchain/14.2.rel1/arm-none-eabi/bin/../lib/gcc/arm-none-eabi/14.2.1/../../../../arm-none-eabi/lib/libc.a(libc_a-sbrkr.o)
 .bss           0x20000578        0x0 /Applications/ArmGNUToolchain/14.2.rel1/arm-none-eabi/bin/../lib/gcc/arm-none-eabi/14.2.1/../../../../arm-none-eabi/lib/libc.a(libc_a-writer.o)
 .bss           0x20000578        0x0 /Applications/ArmGNUToolchain/14.2.rel1/arm-none-eabi/bin/../lib/gcc/arm-none-eabi/14.2.1/../../../../arm-none-eabi/lib/libc.a(libc_a-sysconf.o)
 .bss           0x20000578        0x0 /Applications/ArmGNUToolchain/14.2.rel1/arm-none-eabi/bin/../lib/gcc/arm-none-eabi/14.2.1/../../../../arm-none-eabi/lib/libc.a(libc_a-fini.o)
 .bss           0x20000578        0x0 /Applications/ArmGNUToolchain/14.2.rel1/arm-none-eabi/bin/../lib/gcc/arm-none-eabi/14.2.1/../../../../arm-none-eabi/lib/libc.a(libc_a-__atexit.o)
 .bss           0x20000578        0x0 /Applications/ArmGNUToolchain/14.2.rel1/arm-none-eabi/bin/../lib/gcc/arm-none-eabi/14.2.1/../../../../arm-none-eabi/lib/libc.a(libc_a-freer.o)
 .bss           0x20000578        0x0 /Applications/ArmGNUToolchain/14.2.rel1/arm-none-eabi/bin/../lib/gcc/arm-none-eabi/14.2.1/../../../../arm-none-eabi/lib/libc.a(libc_a-errno.o)
 .bss           0x20000578        0x0 /Applications/ArmGNUToolchain/14.2.rel1/arm-none-eabi/bin/../lib/gcc/arm-none-eabi/14.2.1/libgcc.a(_udivsi3.o)
 .bss           0x20000578        0x0 /Applications/ArmGNUToolchain/14.2.rel1/arm-none-eabi/bin/../lib/gcc/arm-none-eabi/14.2.1/libgcc.a(_dvmd_tls.o)
 .bss           0x20000578       0x26 src/main.o
                0x20000578                accel_x
                0x2000057a                accel_y
                0x2000057c                accel_z
                0x20000580                accel_x_g
                0x20000588                accel_y_g
                0x20000590                accel_z_g
                0x20000598                data_buffer
 .bss           0x2000059e        0x0 src/print.o
 .bss           0x2000059e        0x0 src/uart.o
 .bss           0x2000059e        0x0 src/adc.o
 .bss           0x2000059e        0x0 src/spi.o
 .bss           0x2000059e        0x0 src/adxl345.o
 .bss           0x2000059e        0x0 startup/stm32f446_startup.o
 .bss           0x2000059e        0x0 /Applications/ArmGNUToolchain/14.2.rel1/arm-none-eabi/bin/../lib/gcc/arm-none-eabi/14.2.1/../../../../arm-none-eabi/lib/libnosys.a(close.o)
 .bss           0x2000059e        0x0 /Applications/ArmGNUToolchain/14.2.rel1/arm-none-eabi/bin/../lib/gcc/arm-none-eabi/14.2.1/../../../../arm-none-eabi/lib/libnosys.a(lseek.o)
 .bss           0x2000059e        0x0 /Applications/ArmGNUToolchain/14.2.rel1/arm-none-eabi/bin/../lib/gcc/arm-none-eabi/14.2.1/../../../../arm-none-eabi/lib/libnosys.a(read.o)
 .bss           0x2000059e        0x0 /Applications/ArmGNUToolchain/14.2.rel1/arm-none-eabi/bin/../lib/gcc/arm-none-eabi/14.2.1/../../../../arm-none-eabi/lib/libnosys.a(sbrk.o)
 .bss           0x2000059e        0x0 /Applications/ArmGNUToolchain/14.2.rel1/arm-none-eabi/bin/../lib/gcc/arm-none-eabi/14.2.1/../../../../arm-none-eabi/lib/libnosys.a(write.o)
 .bss           0x2000059e        0x0 /Applications/ArmGNUToolchain/14.2.rel1/arm-none-eabi/bin/../lib/gcc/arm-none-eabi/14.2.1/../../../../arm-none-eabi/lib/libnosys.a(_exit.o)
 .bss           0x2000059e        0x0 /Applications/ArmGNUToolchain/14.2.rel1/arm-none-eabi/bin/../lib/gcc/arm-none-eabi/14.2.1/crtend.o
 .bss           0x2000059e        0x0 /Applications/ArmGNUToolchain/14.2.rel1/arm-none-eabi/bin/../lib/gcc/arm-none-eabi/14.2.1/crtn.o
                0x200005a0                        . = ALIGN (0x4)
 *fill*         0x2000059e        0x2 
                0x200005a0                        _ebss = .
                0x20000578                        __bss_start__ = _sbss
                0x200005a0                        __bss_end__ = _ebss
                0x200005a0                        end = _ebss
OUTPUT(stm32_blink.elf elf32-littlearm)
LOAD linker stubs

.bss.completed.1
                0x200005a0        0x1 load address 0x080030cc
 .bss.completed.1
                0x200005a0        0x1 /Applications/ArmGNUToolchain/14.2.rel1/arm-none-eabi/bin/../lib/gcc/arm-none-eabi/14.2.1/crtbegin.o

.bss.object.0   0x200005a4       0x18 load address 0x080030cc
 .bss.object.0  0x200005a4       0x18 /Applications/ArmGNUToolchain/14.2.rel1/arm-none-eabi/bin/../lib/gcc/arm-none-eabi/14.2.1/crtbegin.o

.bss.__sf       0x200005bc      0x138 load address 0x080030cc
 .bss.__sf      0x200005bc      0x138 /Applications/ArmGNUToolchain/14.2.rel1/arm-none-eabi/bin/../lib/gcc/arm-none-eabi/14.2.1/../../../../arm-none-eabi/lib/libc.a(libc_a-findfp.o)
                0x200005bc                __sf

.bss.__stdio_exit_handler
                0x200006f4        0x4 load address 0x080030cc
 .bss.__stdio_exit_handler
                0x200006f4        0x4 /Applications/ArmGNUToolchain/14.2.rel1/arm-none-eabi/bin/../lib/gcc/arm-none-eabi/14.2.1/../../../../arm-none-eabi/lib/libc.a(libc_a-findfp.o)
                0x200006f4                __stdio_exit_handler

.bss.__lock___arc4random_mutex
                0x200006f8        0x1 load address 0x080030cc
 .bss.__lock___arc4random_mutex
                0x200006f8        0x1 /Applications/ArmGNUToolchain/14.2.rel1/arm-none-eabi/bin/../lib/gcc/arm-none-eabi/14.2.1/../../../../arm-none-eabi/lib/libc.a(libc_a-lock.o)
                0x200006f8                __lock___arc4random_mutex

.bss.__lock___dd_hash_mutex
                0x200006fc        0x1 load address 0x080030cc
 .bss.__lock___dd_hash_mutex
                0x200006fc        0x1 /Applications/ArmGNUToolchain/14.2.rel1/arm-none-eabi/bin/../lib/gcc/arm-none-eabi/14.2.1/../../../../arm-none-eabi/lib/libc.a(libc_a-lock.o)
                0x200006fc                __lock___dd_hash_mutex

.bss.__lock___tz_mutex
                0x20000700        0x1 load address 0x080030cc
 .bss.__lock___tz_mutex
                0x20000700        0x1 /Applications/ArmGNUToolchain/14.2.rel1/arm-none-eabi/bin/../lib/gcc/arm-none-eabi/14.2.1/../../../../arm-none-eabi/lib/libc.a(libc_a-lock.o)
                0x20000700                __lock___tz_mutex

.bss.__lock___env_recursive_mutex
                0x20000704        0x1 load address 0x080030cc
 .bss.__lock___env_recursive_mutex
                0x20000704        0x1 /Applications/ArmGNUToolchain/14.2.rel1/arm-none-eabi/bin/../lib/gcc/arm-none-eabi/14.2.1/../../../../arm-none-eabi/lib/libc.a(libc_a-lock.o)
                0x20000704                __lock___env_recursive_mutex

.bss.__lock___malloc_recursive_mutex
                0x20000708        0x1 load address 0x080030cc
 .bss.__lock___malloc_recursive_mutex
                0x20000708        0x1 /Applications/ArmGNUToolchain/14.2.rel1/arm-none-eabi/bin/../lib/gcc/arm-none-eabi/14.2.1/../../../../arm-none-eabi/lib/libc.a(libc_a-lock.o)
                0x20000708                __lock___malloc_recursive_mutex

.bss.__lock___at_quick_exit_mutex
                0x2000070c        0x1 load address 0x080030cc
 .bss.__lock___at_quick_exit_mutex
                0x2000070c        0x1 /Applications/ArmGNUToolchain/14.2.rel1/arm-none-eabi/bin/../lib/gcc/arm-none-eabi/14.2.1/../../../../arm-none-eabi/lib/libc.a(libc_a-lock.o)
                0x2000070c                __lock___at_quick_exit_mutex

.bss.__lock___atexit_recursive_mutex
                0x20000710        0x1 load address 0x080030cc
 .bss.__lock___atexit_recursive_mutex
                0x20000710        0x1 /Applications/ArmGNUToolchain/14.2.rel1/arm-none-eabi/bin/../lib/gcc/arm-none-eabi/14.2.1/../../../../arm-none-eabi/lib/libc.a(libc_a-lock.o)
                0x20000710                __lock___atexit_recursive_mutex

.bss.__lock___sfp_recursive_mutex
                0x20000714        0x1 load address 0x080030cc
 .bss.__lock___sfp_recursive_mutex
                0x20000714        0x1 /Applications/ArmGNUToolchain/14.2.rel1/arm-none-eabi/bin/../lib/gcc/arm-none-eabi/14.2.1/../../../../arm-none-eabi/lib/libc.a(libc_a-lock.o)
                0x20000714                __lock___sfp_recursive_mutex

.bss.__atexit   0x20000718        0x4 load address 0x080030cc
 .bss.__atexit  0x20000718        0x4 /Applications/ArmGNUToolchain/14.2.rel1/arm-none-eabi/bin/../lib/gcc/arm-none-eabi/14.2.1/../../../../arm-none-eabi/lib/libc.a(libc_a-__call_atexit.o)
                0x20000718                __atexit

.bss.__malloc_current_mallinfo
                0x2000071c       0x28 load address 0x080030cc
 .bss.__malloc_current_mallinfo
                0x2000071c       0x28 /Applications/ArmGNUToolchain/14.2.rel1/arm-none-eabi/bin/../lib/gcc/arm-none-eabi/14.2.1/../../../../arm-none-eabi/lib/libc.a(libc_a-mallocr.o)
                0x2000071c                __malloc_current_mallinfo

.bss.__malloc_max_total_mem
                0x20000744        0x4 load address 0x080030cc
 .bss.__malloc_max_total_mem
                0x20000744        0x4 /Applications/ArmGNUToolchain/14.2.rel1/arm-none-eabi/bin/../lib/gcc/arm-none-eabi/14.2.1/../../../../arm-none-eabi/lib/libc.a(libc_a-mallocr.o)
                0x20000744                __malloc_max_total_mem

.bss.__malloc_max_sbrked_mem
                0x20000748        0x4 load address 0x080030cc
 .bss.__malloc_max_sbrked_mem
                0x20000748        0x4 /Applications/ArmGNUToolchain/14.2.rel1/arm-none-eabi/bin/../lib/gcc/arm-none-eabi/14.2.1/../../../../arm-none-eabi/lib/libc.a(libc_a-mallocr.o)
                0x20000748                __malloc_max_sbrked_mem

.bss.__malloc_top_pad
                0x2000074c        0x4 load address 0x080030cc
 .bss.__malloc_top_pad
                0x2000074c        0x4 /Applications/ArmGNUToolchain/14.2.rel1/arm-none-eabi/bin/../lib/gcc/arm-none-eabi/14.2.1/../../../../arm-none-eabi/lib/libc.a(libc_a-mallocr.o)
                0x2000074c                __malloc_top_pad

.bss.errno      0x20000750        0x4 load address 0x080030cc
 .bss.errno     0x20000750        0x4 /Applications/ArmGNUToolchain/14.2.rel1/arm-none-eabi/bin/../lib/gcc/arm-none-eabi/14.2.1/../../../../arm-none-eabi/lib/libc.a(libc_a-reent.o)
                0x20000750                errno

.bss.__atexit0  0x20000754      0x190 load address 0x080030cc
 .bss.__atexit0
                0x20000754      0x190 /Applications/ArmGNUToolchain/14.2.rel1/arm-none-eabi/bin/../lib/gcc/arm-none-eabi/14.2.1/../../../../arm-none-eabi/lib/libc.a(libc_a-__atexit.o)
                0x20000754                __atexit0

.bss.heap_end.0
                0x200008e4        0x4 load address 0x080030cc
 .bss.heap_end.0
                0x200008e4        0x4 /Applications/ArmGNUToolchain/14.2.rel1/arm-none-eabi/bin/../lib/gcc/arm-none-eabi/14.2.1/../../../../arm-none-eabi/lib/libnosys.a(sbrk.o)

.ARM.attributes
                0x00000000       0x2c
 .ARM.attributes
                0x00000000       0x1c /Applications/ArmGNUToolchain/14.2.rel1/arm-none-eabi/bin/../lib/gcc/arm-none-eabi/14.2.1/crti.o
 .ARM.attributes
                0x0000001c       0x2a /Applications/ArmGNUToolchain/14.2.rel1/arm-none-eabi/bin/../lib/gcc/arm-none-eabi/14.2.1/crtbegin.o
 .ARM.attributes
                0x00000046       0x1a /Applications/ArmGNUToolchain/14.2.rel1/arm-none-eabi/bin/../lib/gcc/arm-none-eabi/14.2.1/../../../../arm-none-eabi/lib/crt0.o
 .ARM.attributes
                0x00000060       0x2a /Applications/ArmGNUToolchain/14.2.rel1/arm-none-eabi/bin/../lib/gcc/arm-none-eabi/14.2.1/../../../../arm-none-eabi/lib/libc.a(libc_a-exit.o)
 .ARM.attributes
                0x0000008a       0x2a /Applications/ArmGNUToolchain/14.2.rel1/arm-none-eabi/bin/../lib/gcc/arm-none-eabi/14.2.1/../../../../arm-none-eabi/lib/libc.a(libc_a-findfp.o)
 .ARM.attributes
                0x000000b4       0x2a /Applications/ArmGNUToolchain/14.2.rel1/arm-none-eabi/bin/../lib/gcc/arm-none-eabi/14.2.1/../../../../arm-none-eabi/lib/libc.a(libc_a-memset.o)
 .ARM.attributes
                0x000000de       0x2a /Applications/ArmGNUToolchain/14.2.rel1/arm-none-eabi/bin/../lib/gcc/arm-none-eabi/14.2.1/../../../../arm-none-eabi/lib/libc.a(libc_a-impure.o)
 .ARM.attributes
                0x00000108       0x2a /Applications/ArmGNUToolchain/14.2.rel1/arm-none-eabi/bin/../lib/gcc/arm-none-eabi/14.2.1/../../../../arm-none-eabi/lib/libc.a(libc_a-init.o)
 .ARM.attributes
                0x00000132       0x2a /Applications/ArmGNUToolchain/14.2.rel1/arm-none-eabi/bin/../lib/gcc/arm-none-eabi/14.2.1/../../../../arm-none-eabi/lib/libc.a(libc_a-lock.o)
 .ARM.attributes
                0x0000015c       0x2a /Applications/ArmGNUToolchain/14.2.rel1/arm-none-eabi/bin/../lib/gcc/arm-none-eabi/14.2.1/../../../../arm-none-eabi/lib/libc.a(libc_a-__call_atexit.o)
 .ARM.attributes
                0x00000186       0x2a /Applications/ArmGNUToolchain/14.2.rel1/arm-none-eabi/bin/../lib/gcc/arm-none-eabi/14.2.1/../../../../arm-none-eabi/lib/libc.a(libc_a-atexit.o)
 .ARM.attributes
                0x000001b0       0x2a /Applications/ArmGNUToolchain/14.2.rel1/arm-none-eabi/bin/../lib/gcc/arm-none-eabi/14.2.1/../../../../arm-none-eabi/lib/libc.a(libc_a-mallocr.o)
 .ARM.attributes
                0x000001da       0x2a /Applications/ArmGNUToolchain/14.2.rel1/arm-none-eabi/bin/../lib/gcc/arm-none-eabi/14.2.1/../../../../arm-none-eabi/lib/libc.a(libc_a-mlock.o)
 .ARM.attributes
                0x00000204       0x2a /Applications/ArmGNUToolchain/14.2.rel1/arm-none-eabi/bin/../lib/gcc/arm-none-eabi/14.2.1/../../../../arm-none-eabi/lib/libc.a(libc_a-fwalk.o)
 .ARM.attributes
                0x0000022e       0x2a /Applications/ArmGNUToolchain/14.2.rel1/arm-none-eabi/bin/../lib/gcc/arm-none-eabi/14.2.1/../../../../arm-none-eabi/lib/libc.a(libc_a-fclose.o)
 .ARM.attributes
                0x00000258       0x2a /Applications/ArmGNUToolchain/14.2.rel1/arm-none-eabi/bin/../lib/gcc/arm-none-eabi/14.2.1/../../../../arm-none-eabi/lib/libc.a(libc_a-fflush.o)
 .ARM.attributes
                0x00000282       0x2a /Applications/ArmGNUToolchain/14.2.rel1/arm-none-eabi/bin/../lib/gcc/arm-none-eabi/14.2.1/../../../../arm-none-eabi/lib/libc.a(libc_a-stdio.o)
 .ARM.attributes
                0x000002ac       0x2a /Applications/ArmGNUToolchain/14.2.rel1/arm-none-eabi/bin/../lib/gcc/arm-none-eabi/14.2.1/../../../../arm-none-eabi/lib/libc.a(libc_a-closer.o)
 .ARM.attributes
                0x000002d6       0x2a /Applications/ArmGNUToolchain/14.2.rel1/arm-none-eabi/bin/../lib/gcc/arm-none-eabi/14.2.1/../../../../arm-none-eabi/lib/libc.a(libc_a-reent.o)
 .ARM.attributes
                0x00000300       0x2a /Applications/ArmGNUToolchain/14.2.rel1/arm-none-eabi/bin/../lib/gcc/arm-none-eabi/14.2.1/../../../../arm-none-eabi/lib/libc.a(libc_a-lseekr.o)
 .ARM.attributes
                0x0000032a       0x2a /Applications/ArmGNUToolchain/14.2.rel1/arm-none-eabi/bin/../lib/gcc/arm-none-eabi/14.2.1/../../../../arm-none-eabi/lib/libc.a(libc_a-readr.o)
 .ARM.attributes
                0x00000354       0x2a /Applications/ArmGNUToolchain/14.2.rel1/arm-none-eabi/bin/../lib/gcc/arm-none-eabi/14.2.1/../../../../arm-none-eabi/lib/libc.a(libc_a-sbrkr.o)
 .ARM.attributes
                0x0000037e       0x2a /Applications/ArmGNUToolchain/14.2.rel1/arm-none-eabi/bin/../lib/gcc/arm-none-eabi/14.2.1/../../../../arm-none-eabi/lib/libc.a(libc_a-writer.o)
 .ARM.attributes
                0x000003a8       0x2a /Applications/ArmGNUToolchain/14.2.rel1/arm-none-eabi/bin/../lib/gcc/arm-none-eabi/14.2.1/../../../../arm-none-eabi/lib/libc.a(libc_a-sysconf.o)
 .ARM.attributes
                0x000003d2       0x2a /Applications/ArmGNUToolchain/14.2.rel1/arm-none-eabi/bin/../lib/gcc/arm-none-eabi/14.2.1/../../../../arm-none-eabi/lib/libc.a(libc_a-fini.o)
 .ARM.attributes
                0x000003fc       0x2a /Applications/ArmGNUToolchain/14.2.rel1/arm-none-eabi/bin/../lib/gcc/arm-none-eabi/14.2.1/../../../../arm-none-eabi/lib/libc.a(libc_a-__atexit.o)
 .ARM.attributes
                0x00000426       0x2a /Applications/ArmGNUToolchain/14.2.rel1/arm-none-eabi/bin/../lib/gcc/arm-none-eabi/14.2.1/../../../../arm-none-eabi/lib/libc.a(libc_a-freer.o)
 .ARM.attributes
                0x00000450       0x2a /Applications/ArmGNUToolchain/14.2.rel1/arm-none-eabi/bin/../lib/gcc/arm-none-eabi/14.2.1/../../../../arm-none-eabi/lib/libc.a(libc_a-errno.o)
 .ARM.attributes
                0x0000047a       0x1c /Applications/ArmGNUToolchain/14.2.rel1/arm-none-eabi/bin/../lib/gcc/arm-none-eabi/14.2.1/libgcc.a(_udivsi3.o)
 .ARM.attributes
                0x00000496       0x1c /Applications/ArmGNUToolchain/14.2.rel1/arm-none-eabi/bin/../lib/gcc/arm-none-eabi/14.2.1/libgcc.a(_dvmd_tls.o)
 .ARM.attributes
                0x000004b2       0x2e src/main.o
 .ARM.attributes
                0x000004e0       0x2e src/print.o
 .ARM.attributes
                0x0000050e       0x2e src/uart.o
 .ARM.attributes
                0x0000053c       0x2e src/adc.o
 .ARM.attributes
                0x0000056a       0x2e src/spi.o
 .ARM.attributes
                0x00000598       0x2e src/adxl345.o
 .ARM.attributes
                0x000005c6       0x2e startup/stm32f446_startup.o
 .ARM.attributes
                0x000005f4       0x2a /Applications/ArmGNUToolchain/14.2.rel1/arm-none-eabi/bin/../lib/gcc/arm-none-eabi/14.2.1/../../../../arm-none-eabi/lib/libnosys.a(close.o)
 .ARM.attributes
                0x0000061e       0x2a /Applications/ArmGNUToolchain/14.2.rel1/arm-none-eabi/bin/../lib/gcc/arm-none-eabi/14.2.1/../../../../arm-none-eabi/lib/libnosys.a(lseek.o)
 .ARM.attributes
                0x00000648       0x2a /Applications/ArmGNUToolchain/14.2.rel1/arm-none-eabi/bin/../lib/gcc/arm-none-eabi/14.2.1/../../../../arm-none-eabi/lib/libnosys.a(read.o)
 .ARM.attributes
                0x00000672       0x2a /Applications/ArmGNUToolchain/14.2.rel1/arm-none-eabi/bin/../lib/gcc/arm-none-eabi/14.2.1/../../../../arm-none-eabi/lib/libnosys.a(sbrk.o)
 .ARM.attributes
                0x0000069c       0x2a /Applications/ArmGNUToolchain/14.2.rel1/arm-none-eabi/bin/../lib/gcc/arm-none-eabi/14.2.1/../../../../arm-none-eabi/lib/libnosys.a(write.o)
 .ARM.attributes
                0x000006c6       0x2a /Applications/ArmGNUToolchain/14.2.rel1/arm-none-eabi/bin/../lib/gcc/arm-none-eabi/14.2.1/../../../../arm-none-eabi/lib/libnosys.a(_exit.o)
 .ARM.attributes
                0x000006f0       0x2a /Applications/ArmGNUToolchain/14.2.rel1/arm-none-eabi/bin/../lib/gcc/arm-none-eabi/14.2.1/crtend.o
 .ARM.attributes
                0x0000071a       0x1c /Applications/ArmGNUToolchain/14.2.rel1/arm-none-eabi/bin/../lib/gcc/arm-none-eabi/14.2.1/crtn.o

.comment        0x00000000       0x45
 .comment       0x00000000       0x45 src/main.o
                                 0x46 (size before relaxing)
 .comment       0x00000045       0x46 src/print.o
 .comment       0x00000045       0x46 src/uart.o
 .comment       0x00000045       0x46 src/adc.o
 .comment       0x00000045       0x46 src/spi.o
 .comment       0x00000045       0x46 src/adxl345.o
 .comment       0x00000045       0x46 startup/stm32f446_startup.o

.debug_line_str
                0x00000000      0x18d
 .debug_line_str
                0x00000000      0x18d /Applications/ArmGNUToolchain/14.2.rel1/arm-none-eabi/bin/../lib/gcc/arm-none-eabi/14.2.1/../../../../arm-none-eabi/lib/crt0.o
                                 0xcb (size before relaxing)
 .debug_line_str
                0x0000018d       0xc2 /Applications/ArmGNUToolchain/14.2.rel1/arm-none-eabi/bin/../lib/gcc/arm-none-eabi/14.2.1/libgcc.a(_udivsi3.o)
 .debug_line_str
                0x0000018d       0xc2 /Applications/ArmGNUToolchain/14.2.rel1/arm-none-eabi/bin/../lib/gcc/arm-none-eabi/14.2.1/libgcc.a(_dvmd_tls.o)

.debug_frame    0x00000000      0x930
 .debug_frame   0x00000000       0x28 /Applications/ArmGNUToolchain/14.2.rel1/arm-none-eabi/bin/../lib/gcc/arm-none-eabi/14.2.1/../../../../arm-none-eabi/lib/libc.a(libc_a-exit.o)
 .debug_frame   0x00000028      0x170 /Applications/ArmGNUToolchain/14.2.rel1/arm-none-eabi/bin/../lib/gcc/arm-none-eabi/14.2.1/../../../../arm-none-eabi/lib/libc.a(libc_a-findfp.o)
 .debug_frame   0x00000198       0x3c /Applications/ArmGNUToolchain/14.2.rel1/arm-none-eabi/bin/../lib/gcc/arm-none-eabi/14.2.1/../../../../arm-none-eabi/lib/libc.a(libc_a-memset.o)
 .debug_frame   0x000001d4       0x34 /Applications/ArmGNUToolchain/14.2.rel1/arm-none-eabi/bin/../lib/gcc/arm-none-eabi/14.2.1/../../../../arm-none-eabi/lib/libc.a(libc_a-init.o)
 .debug_frame   0x00000208       0xb0 /Applications/ArmGNUToolchain/14.2.rel1/arm-none-eabi/bin/../lib/gcc/arm-none-eabi/14.2.1/../../../../arm-none-eabi/lib/libc.a(libc_a-lock.o)
 .debug_frame   0x000002b8       0x68 /Applications/ArmGNUToolchain/14.2.rel1/arm-none-eabi/bin/../lib/gcc/arm-none-eabi/14.2.1/../../../../arm-none-eabi/lib/libc.a(libc_a-__call_atexit.o)
 .debug_frame   0x00000320       0x2c /Applications/ArmGNUToolchain/14.2.rel1/arm-none-eabi/bin/../lib/gcc/arm-none-eabi/14.2.1/../../../../arm-none-eabi/lib/libc.a(libc_a-atexit.o)
 .debug_frame   0x0000034c       0x70 /Applications/ArmGNUToolchain/14.2.rel1/arm-none-eabi/bin/../lib/gcc/arm-none-eabi/14.2.1/../../../../arm-none-eabi/lib/libc.a(libc_a-mallocr.o)
 .debug_frame   0x000003bc       0x48 /Applications/ArmGNUToolchain/14.2.rel1/arm-none-eabi/bin/../lib/gcc/arm-none-eabi/14.2.1/../../../../arm-none-eabi/lib/libc.a(libc_a-mlock.o)
 .debug_frame   0x00000404       0x40 /Applications/ArmGNUToolchain/14.2.rel1/arm-none-eabi/bin/../lib/gcc/arm-none-eabi/14.2.1/../../../../arm-none-eabi/lib/libc.a(libc_a-fwalk.o)
 .debug_frame   0x00000444       0x50 /Applications/ArmGNUToolchain/14.2.rel1/arm-none-eabi/bin/../lib/gcc/arm-none-eabi/14.2.1/../../../../arm-none-eabi/lib/libc.a(libc_a-fclose.o)
 .debug_frame   0x00000494       0xa4 /Applications/ArmGNUToolchain/14.2.rel1/arm-none-eabi/bin/../lib/gcc/arm-none-eabi/14.2.1/../../../../arm-none-eabi/lib/libc.a(libc_a-fflush.o)
 .debug_frame   0x00000538       0xa0 /Applications/ArmGNUToolchain/14.2.rel1/arm-none-eabi/bin/../lib/gcc/arm-none-eabi/14.2.1/../../../../arm-none-eabi/lib/libc.a(libc_a-stdio.o)
 .debug_frame   0x000005d8       0x34 /Applications/ArmGNUToolchain/14.2.rel1/arm-none-eabi/bin/../lib/gcc/arm-none-eabi/14.2.1/../../../../arm-none-eabi/lib/libc.a(libc_a-closer.o)
 .debug_frame   0x0000060c       0x40 /Applications/ArmGNUToolchain/14.2.rel1/arm-none-eabi/bin/../lib/gcc/arm-none-eabi/14.2.1/../../../../arm-none-eabi/lib/libc.a(libc_a-reent.o)
 .debug_frame   0x0000064c       0x34 /Applications/ArmGNUToolchain/14.2.rel1/arm-none-eabi/bin/../lib/gcc/arm-none-eabi/14.2.1/../../../../arm-none-eabi/lib/libc.a(libc_a-lseekr.o)
 .debug_frame   0x00000680       0x34 /Applications/ArmGNUToolchain/14.2.rel1/arm-none-eabi/bin/../lib/gcc/arm-none-eabi/14.2.1/../../../../arm-none-eabi/lib/libc.a(libc_a-readr.o)
 .debug_frame   0x000006b4       0x3c /Applications/ArmGNUToolchain/14.2.rel1/arm-none-eabi/bin/../lib/gcc/arm-none-eabi/14.2.1/../../../../arm-none-eabi/lib/libc.a(libc_a-sbrkr.o)
 .debug_frame   0x000006f0       0x34 /Applications/ArmGNUToolchain/14.2.rel1/arm-none-eabi/bin/../lib/gcc/arm-none-eabi/14.2.1/../../../../arm-none-eabi/lib/libc.a(libc_a-writer.o)
 .debug_frame   0x00000724       0x2c /Applications/ArmGNUToolchain/14.2.rel1/arm-none-eabi/bin/../lib/gcc/arm-none-eabi/14.2.1/../../../../arm-none-eabi/lib/libc.a(libc_a-sysconf.o)
 .debug_frame   0x00000750       0x34 /Applications/ArmGNUToolchain/14.2.rel1/arm-none-eabi/bin/../lib/gcc/arm-none-eabi/14.2.1/../../../../arm-none-eabi/lib/libc.a(libc_a-fini.o)
 .debug_frame   0x00000784       0x3c /Applications/ArmGNUToolchain/14.2.rel1/arm-none-eabi/bin/../lib/gcc/arm-none-eabi/14.2.1/../../../../arm-none-eabi/lib/libc.a(libc_a-__atexit.o)
 .debug_frame   0x000007c0       0x70 /Applications/ArmGNUToolchain/14.2.rel1/arm-none-eabi/bin/../lib/gcc/arm-none-eabi/14.2.1/../../../../arm-none-eabi/lib/libc.a(libc_a-freer.o)
 .debug_frame   0x00000830       0x20 /Applications/ArmGNUToolchain/14.2.rel1/arm-none-eabi/bin/../lib/gcc/arm-none-eabi/14.2.1/../../../../arm-none-eabi/lib/libc.a(libc_a-errno.o)
 .debug_frame   0x00000850       0x20 /Applications/ArmGNUToolchain/14.2.rel1/arm-none-eabi/bin/../lib/gcc/arm-none-eabi/14.2.1/libgcc.a(_udivsi3.o)
 .debug_frame   0x00000870       0x20 /Applications/ArmGNUToolchain/14.2.rel1/arm-none-eabi/bin/../lib/gcc/arm-none-eabi/14.2.1/../../../../arm-none-eabi/lib/libnosys.a(close.o)
 .debug_frame   0x00000890       0x20 /Applications/ArmGNUToolchain/14.2.rel1/arm-none-eabi/bin/../lib/gcc/arm-none-eabi/14.2.1/../../../../arm-none-eabi/lib/libnosys.a(lseek.o)
 .debug_frame   0x000008b0       0x20 /Applications/ArmGNUToolchain/14.2.rel1/arm-none-eabi/bin/../lib/gcc/arm-none-eabi/14.2.1/../../../../arm-none-eabi/lib/libnosys.a(read.o)
 .debug_frame   0x000008d0       0x20 /Applications/ArmGNUToolchain/14.2.rel1/arm-none-eabi/bin/../lib/gcc/arm-none-eabi/14.2.1/../../../../arm-none-eabi/lib/libnosys.a(sbrk.o)
 .debug_frame   0x000008f0       0x20 /Applications/ArmGNUToolchain/14.2.rel1/arm-none-eabi/bin/../lib/gcc/arm-none-eabi/14.2.1/../../../../arm-none-eabi/lib/libnosys.a(write.o)
 .debug_frame   0x00000910       0x20 /Applications/ArmGNUToolchain/14.2.rel1/arm-none-eabi/bin/../lib/gcc/arm-none-eabi/14.2.1/../../../../arm-none-eabi/lib/libnosys.a(_exit.o)
