17:03:51 **** Incremental Build of configuration Debug for project SPI-DriverIDE ****
make -j9 all 
arm-none-eabi-gcc "../Src/main.c" -mcpu=cortex-m4 -std=gnu11 -g3 -DDEBUG -DSTM32 -DSTM32F4 -DSTM32F446RETx -DNUCLEO_F446RE -DSTM32F466xx -c -I../Inc -I"/Users/johnnario/STM32Projects/BaremetalProjects/SPI-DriverIDE/chip-headers/CMSIS/Include" -I"/Users/johnnario/STM32Projects/BaremetalProjects/SPI-DriverIDE/chip-headers/CMSIS/Device/ST/STM32F4xx/Include" -O0 -ffunction-sections -fdata-sections -Wall -fstack-usage -fcyclomatic-complexity -MMD -MP -MF"Src/main.d" -MT"Src/main.o" --specs=nano.specs -mfpu=fpv4-sp-d16 -mfloat-abi=hard -mthumb -o "Src/main.o"
arm-none-eabi-gcc -o "SPI-DriverIDE.elf" @"objects.list"   -mcpu=cortex-m4 -T"/Users/johnnario/STM32Projects/BaremetalProjects/SPI-DriverIDE/STM32F446RETX_FLASH.ld" --specs=nosys.specs -Wl,-Map="SPI-DriverIDE.map" -Wl,--gc-sections -static --specs=nano.specs -mfpu=fpv4-sp-d16 -mfloat-abi=hard -mthumb -Wl,--start-group -lc -lm -Wl,--end-group
Finished building target: SPI-DriverIDE.elf
 
arm-none-eabi-size  SPI-DriverIDE.elf 
arm-none-eabi-objdump -h -S SPI-DriverIDE.elf  > "SPI-DriverIDE.list"
   text	   data	    bss	    dec	    hex	filename
   5992	     92	   1900	   7984	   1f30	SPI-DriverIDE.elf
Finished building: default.size.stdout
 
Finished building: SPI-DriverIDE.list
 

17:03:52 Build Finished. 0 errors, 0 warnings. (took 624ms)

